<html>
<body>
<pre>
<h1>µVision Build Log</h1>
<h2>Tool Versions:</h2>
IDE-Version: ¦ÌVision V5.43.1.0
Copyright (C) 2025 ARM Ltd and ARM Germany GmbH. All rights reserved.
License Information: w zy
xian
User-based license: Keil MDK Community (non-commercial free of charge)
Valid until: Jun 1 2033. Cached until: Jun 1 2026
 
Tool Versions:
Toolchain:       Keil MDK Community (non-commercial free of charge  Version: 5.43.0.0
Toolchain Path:  C:\Users\Administrator\AppData\Local\Keil_v5\ARM\ARMCLANG\Bin
C Compiler:      ArmClang.exe V6.24
Assembler:       Armasm.exe V6.24
Linker/Locator:  ArmLink.exe V6.24
Library Manager: ArmAr.exe V6.24
Hex Converter:   FromElf.exe V6.24
CPU DLL:         SARMCM3.DLL V5.43.0.0
Dialog DLL:      DARMCM1.DLL V1.19.6.0
Target DLL:      Segger\JL2CM3.dll V2.99.45.0
Dialog DLL:      TARMCM1.DLL V1.14.6.0
 
<h2>Project:</h2>
D:\product\flowMeter\softWare\fmeterMDK\fmeter.uvprojx
Project File Date:  05/25/2026

<h2>Output:</h2>
*** Using Compiler 'V6.24', folder: 'C:\Users\Administrator\AppData\Local\Keil_v5\ARM\ARMCLANG\Bin'
Rebuild target 'GasesB'
compiling interrupts_hc32l19x.c...
compiling system_hc32l19x.c...
assembling startup_hc32l19x.s...
compiling ddl.c...
compiling sysctrl.c...
compiling lptim.c...
compiling lpm.c...
compiling gpio.c...
compiling wdt.c...
compiling lpuart.c...
compiling lvd.c...
compiling reset.c...
compiling rtc.c...
compiling lcd.c...
compiling adc.c...
compiling bgr.c...
compiling uart.c...
compiling pcnt.c...
compiling i2c.c...
compiling bt.c...
compiling main.c...
compiling 24cxx.c...
compiling adx.c...
compiling device.c...
compiling irc.c...
compiling modbus.c...
compiling net.c...
compiling protocol.c...
compiling r_cg_sau.c...
compiling r_cg_sau_user.c...
compiling system.c...
compiling sw_i2c.c...
compiling ertc.c...
compiling etemp.c...
compiling epress.c...
compiling elora.c...
compiling hum_b.c...
compiling sci_master.c...
compiling lora_module.c...
compiling wifia.c...
compiling app_trans.c...
compiling net_adapter.c...
linking...
Program Size: Code=123684 RO-data=2864 RW-data=7472 ZI-data=11152  
FromELF: creating hex file...
".\Object_GasesB\Gases.axf" - 0 Error(s), 0 Warning(s).

<h2>Software Packages used:</h2>

Package Vendor: ARM
                https://www.keil.com/pack/ARM.CMSIS.6.3.0.pack
                ARM::CMSIS@6.3.0
                CMSIS (Common Microcontroller Software Interface Standard)
   * Component: CORE Version: 6.2.0

Package Vendor: HDSC
                https://raw.githubusercontent.com/hdscmcu/pack/master/HDSC.HC32L19X.1.0.1.pack
                HDSC::HC32L19X@1.0.1
                HC32L19X ARM Cortex-M0+ Device Family Pack

<h2>Collection of Component include folders:</h2>
  ./RTE/_GasesB
  C:/Users/Administrator/AppData/Local/Arm/Packs/ARM/CMSIS/6.3.0/CMSIS/Core/Include
  C:/Users/Administrator/AppData/Local/Arm/Packs/HDSC/HC32L19X/1.0.1/Device/Include

<h2>Collection of Component Files used:</h2>

   * Component: ARM::CMSIS:CORE@6.2.0
Build Time Elapsed:  00:00:11
</pre>
</body>
</html>
