<!doctype html public "-//w3c//dtd html 4.0 transitional//en">
<html><head>
<title>Static Call Graph - [.\Object_GasesB\Gases.axf]</title></head>
<body><HR>
<H1>Static Call Graph for image .\Object_GasesB\Gases.axf</H1><HR>
<BR><P>#&#060CALLGRAPH&#062# ARM Linker, 6240002: Last Updated: Tue May 26 12:00:00 2026
<BR><P>
<H3>Maximum Stack Usage =       1500 bytes + Unknown(Cycles, Untraceable Function Pointers)</H3><H3>
Call chain for Maximum Stack Depth:</H3>
ircComps_task_handle &rArr; Deal_irc &rArr; Check_irc_Com &rArr; Pro_irc &rArr; write_irc &rArr; R_LPUART0_Send &rArr; LPUart_DisableIrq &rArr; SetBit
<P>
<H3>
Mutually Recursive functions
</H3> <LI><a href="#[7b]">NMI_Handler</a>&nbsp;&nbsp;&nbsp;&rArr;&nbsp;&nbsp;&nbsp;<a href="#[7b]">NMI_Handler</a><BR>
 <LI><a href="#[7d]">SVC_Handler</a>&nbsp;&nbsp;&nbsp;&rArr;&nbsp;&nbsp;&nbsp;<a href="#[7d]">SVC_Handler</a><BR>
 <LI><a href="#[7e]">PendSV_Handler</a>&nbsp;&nbsp;&nbsp;&rArr;&nbsp;&nbsp;&nbsp;<a href="#[7e]">PendSV_Handler</a><BR>
</UL>
<P>
<H3>
Function Pointers
</H3><UL>
 <LI><a href="#[98]">ADC_DAC_IRQHandler</a> from interrupts_hc32l19x.o(.text.ADC_DAC_IRQHandler) referenced from startup_hc32l19x.o(RESET)
 <LI><a href="#[d]">App_PcntInit</a> from device.o(.text.App_PcntInit) referenced 2 times from device.o(.data.device_comps)
 <LI><a href="#[9f]">CLKTRIM_IRQHandler</a> from interrupts_hc32l19x.o(.text.CLKTRIM_IRQHandler) referenced from startup_hc32l19x.o(RESET)
 <LI><a href="#[84]">DMAC_IRQHandler</a> from interrupts_hc32l19x.o(.text.DMAC_IRQHandler) referenced from startup_hc32l19x.o(RESET)
 <LI><a href="#[9e]">FLASH_RAM_IRQHandler</a> from interrupts_hc32l19x.o(.text.FLASH_RAM_IRQHandler) referenced from startup_hc32l19x.o(RESET)
 <LI><a href="#[7c]">HardFault_Handler</a> from interrupts_hc32l19x.o(.text.HardFault_Handler) referenced from startup_hc32l19x.o(RESET)
 <LI><a href="#[8c]">I2C0_IRQHandler</a> from interrupts_hc32l19x.o(.text.I2C0_IRQHandler) referenced from startup_hc32l19x.o(RESET)
 <LI><a href="#[8d]">I2C1_IRQHandler</a> from interrupts_hc32l19x.o(.text.I2C1_IRQHandler) referenced from startup_hc32l19x.o(RESET)
 <LI><a href="#[9d]">LCD_IRQHandler</a> from interrupts_hc32l19x.o(.text.LCD_IRQHandler) referenced from startup_hc32l19x.o(RESET)
 <LI><a href="#[91]">LPTIM0_1_IRQHandler</a> from interrupts_hc32l19x.o(.text.LPTIM0_1_IRQHandler) referenced from startup_hc32l19x.o(RESET)
 <LI><a href="#[88]">LPUART0_IRQHandler</a> from interrupts_hc32l19x.o(.text.LPUART0_IRQHandler) referenced from startup_hc32l19x.o(RESET)
 <LI><a href="#[89]">LPUART1_IRQHandler</a> from interrupts_hc32l19x.o(.text.LPUART1_IRQHandler) referenced from startup_hc32l19x.o(RESET)
 <LI><a href="#[9c]">LVD_IRQHandler</a> from interrupts_hc32l19x.o(.text.LVD_IRQHandler) referenced from startup_hc32l19x.o(RESET)
 <LI><a href="#[7b]">NMI_Handler</a> from startup_hc32l19x.o(.text) referenced from startup_hc32l19x.o(RESET)
 <LI><a href="#[95]">PCA_IRQHandler</a> from interrupts_hc32l19x.o(.text.PCA_IRQHandler) referenced from startup_hc32l19x.o(RESET)
 <LI><a href="#[99]">PCNT_IRQHandler</a> from interrupts_hc32l19x.o(.text.PCNT_IRQHandler) referenced from startup_hc32l19x.o(RESET)
 <LI><a href="#[80]">PORTA_IRQHandler</a> from interrupts_hc32l19x.o(.text.PORTA_IRQHandler) referenced from startup_hc32l19x.o(RESET)
 <LI><a href="#[81]">PORTB_IRQHandler</a> from interrupts_hc32l19x.o(.text.PORTB_IRQHandler) referenced from startup_hc32l19x.o(RESET)
 <LI><a href="#[82]">PORTC_E_IRQHandler</a> from interrupts_hc32l19x.o(.text.PORTC_E_IRQHandler) referenced from startup_hc32l19x.o(RESET)
 <LI><a href="#[83]">PORTD_F_IRQHandler</a> from interrupts_hc32l19x.o(.text.PORTD_F_IRQHandler) referenced from startup_hc32l19x.o(RESET)
 <LI><a href="#[7e]">PendSV_Handler</a> from startup_hc32l19x.o(.text) referenced from startup_hc32l19x.o(RESET)
 <LI><a href="#[97]">RTC_IRQHandler</a> from interrupts_hc32l19x.o(.text.RTC_IRQHandler) referenced from startup_hc32l19x.o(RESET)
 <LI><a href="#[7a]">Reset_Handler</a> from startup_hc32l19x.o(.text) referenced from startup_hc32l19x.o(RESET)
 <LI><a href="#[28]">Rtc_SetTime</a> from rtc.o(.text.Rtc_SetTime) referenced 2 times from device.o(.data.device_comps)
 <LI><a href="#[8a]">SPI0_IRQHandler</a> from interrupts_hc32l19x.o(.text.SPI0_IRQHandler) referenced from startup_hc32l19x.o(RESET)
 <LI><a href="#[8b]">SPI1_IRQHandler</a> from interrupts_hc32l19x.o(.text.SPI1_IRQHandler) referenced from startup_hc32l19x.o(RESET)
 <LI><a href="#[7d]">SVC_Handler</a> from startup_hc32l19x.o(.text) referenced from startup_hc32l19x.o(RESET)
 <LI><a href="#[7f]">SysTick_Handler</a> from interrupts_hc32l19x.o(.text.SysTick_Handler) referenced from startup_hc32l19x.o(RESET)
 <LI><a href="#[a1]">SystemInit</a> from system_hc32l19x.o(.text.SystemInit) referenced from startup_hc32l19x.o(.text)
 <LI><a href="#[8e]">TIM0_IRQHandler</a> from interrupts_hc32l19x.o(.text.TIM0_IRQHandler) referenced from startup_hc32l19x.o(RESET)
 <LI><a href="#[8f]">TIM1_IRQHandler</a> from interrupts_hc32l19x.o(.text.TIM1_IRQHandler) referenced from startup_hc32l19x.o(RESET)
 <LI><a href="#[90]">TIM2_IRQHandler</a> from interrupts_hc32l19x.o(.text.TIM2_IRQHandler) referenced from startup_hc32l19x.o(RESET)
 <LI><a href="#[85]">TIM3_IRQHandler</a> from interrupts_hc32l19x.o(.text.TIM3_IRQHandler) referenced from startup_hc32l19x.o(RESET)
 <LI><a href="#[92]">TIM4_IRQHandler</a> from interrupts_hc32l19x.o(.text.TIM4_IRQHandler) referenced from startup_hc32l19x.o(RESET)
 <LI><a href="#[93]">TIM5_IRQHandler</a> from interrupts_hc32l19x.o(.text.TIM5_IRQHandler) referenced from startup_hc32l19x.o(RESET)
 <LI><a href="#[94]">TIM6_IRQHandler</a> from interrupts_hc32l19x.o(.text.TIM6_IRQHandler) referenced from startup_hc32l19x.o(RESET)
 <LI><a href="#[86]">UART0_2_IRQHandler</a> from interrupts_hc32l19x.o(.text.UART0_2_IRQHandler) referenced from startup_hc32l19x.o(RESET)
 <LI><a href="#[87]">UART1_3_IRQHandler</a> from interrupts_hc32l19x.o(.text.UART1_3_IRQHandler) referenced from startup_hc32l19x.o(RESET)
 <LI><a href="#[9a]">VC0_IRQHandler</a> from interrupts_hc32l19x.o(.text.VC0_IRQHandler) referenced from startup_hc32l19x.o(RESET)
 <LI><a href="#[9b]">VC1_2_IRQHandler</a> from interrupts_hc32l19x.o(.text.VC1_2_IRQHandler) referenced from startup_hc32l19x.o(RESET)
 <LI><a href="#[96]">WDT_IRQHandler</a> from interrupts_hc32l19x.o(.text.WDT_IRQHandler) referenced from startup_hc32l19x.o(RESET)
 <LI><a href="#[c5]">_0_5s_task_handle</a> from device.o(.text._0_5s_task_handle) referenced from system.o(.rodata._hlaf_s_task_handle)
 <LI><a href="#[c6]">_50ms_task_handle</a> from device.o(.text._50ms_task_handle) referenced from system.o(.rodata.delay_task_50ms)
 <LI><a href="#[a2]">__main</a> from entry.o(.ARM.Collect$$$$00000000) referenced from startup_hc32l19x.o(.text)
 <LI><a href="#[a4]">_sbackspace</a> from _sgetc.o(.text) referenced 2 times from sscanf.o(.text)
 <LI><a href="#[a5]">_scanf_char_input</a> from scanf_char.o(.text) referenced from scanf_char.o(.text)
 <LI><a href="#[a3]">_sgetc</a> from _sgetc.o(.text) referenced 2 times from sscanf.o(.text)
 <LI><a href="#[c3]">_snputc</a> from printfa.o(i._snputc) referenced from printfa.o(i.__0snprintf)
 <LI><a href="#[c4]">_sputc</a> from printfa.o(i._sputc) referenced from printfa.o(i.__0sprintf)
 <LI><a href="#[3]">ad779x_Init</a> from adx.o(.text.ad779x_Init) referenced 2 times from adx.o(.data.adx_comps)
 <LI><a href="#[5]">ad779x_Restart</a> from adx.o(.text.ad779x_Restart) referenced 2 times from adx.o(.data.adx_comps)
 <LI><a href="#[4]">ad779x_stop</a> from adx.o(.text.ad779x_stop) referenced 2 times from adx.o(.data.adx_comps)
 <LI><a href="#[8]">ad779x_task_handle</a> from adx.o(.text.ad779x_task_handle) referenced 2 times from adx.o(.data.adx_comps)
 <LI><a href="#[5f]">cal_modify_mode_display</a> from hum_b.o(.text.cal_modify_mode_display) referenced 2 times from hum_b.o(.data.mode_comps)
 <LI><a href="#[5d]">cal_modify_mode_on_j_key</a> from hum_b.o(.text.cal_modify_mode_on_j_key) referenced 2 times from hum_b.o(.data.mode_comps)
 <LI><a href="#[5e]">cal_modify_mode_on_long_s_key</a> from hum_b.o(.text.cal_modify_mode_on_long_s_key) referenced 2 times from hum_b.o(.data.mode_comps)
 <LI><a href="#[5c]">cal_modify_mode_on_m_key</a> from hum_b.o(.text.cal_modify_mode_on_m_key) referenced 2 times from hum_b.o(.data.mode_comps)
 <LI><a href="#[5b]">cal_modify_mode_on_s_key</a> from hum_b.o(.text.cal_modify_mode_on_s_key) referenced 2 times from hum_b.o(.data.mode_comps)
 <LI><a href="#[5a]">cal_query_mode_display</a> from hum_b.o(.text.cal_query_mode_display) referenced 2 times from hum_b.o(.data.mode_comps)
 <LI><a href="#[58]">cal_query_mode_on_j_key</a> from hum_b.o(.text.cal_query_mode_on_j_key) referenced 2 times from hum_b.o(.data.mode_comps)
 <LI><a href="#[59]">cal_query_mode_on_long_m_key</a> from hum_b.o(.text.cal_query_mode_on_long_m_key) referenced 2 times from hum_b.o(.data.mode_comps)
 <LI><a href="#[57]">cal_query_mode_on_m_key</a> from hum_b.o(.text.cal_query_mode_on_m_key) referenced 2 times from hum_b.o(.data.mode_comps)
 <LI><a href="#[56]">cal_query_mode_on_s_key</a> from hum_b.o(.text.cal_query_mode_on_s_key) referenced 2 times from hum_b.o(.data.mode_comps)
 <LI><a href="#[e]">clr_press</a> from device.o(.text.clr_press) referenced 2 times from device.o(.data.device_comps)
 <LI><a href="#[4f]">debug_mode_display</a> from hum_b.o(.text.debug_mode_display) referenced 2 times from hum_b.o(.data.mode_comps)
 <LI><a href="#[4b]">debug_mode_on_j_key</a> from hum_b.o(.text.debug_mode_on_j_key) referenced 2 times from hum_b.o(.data.mode_comps)
 <LI><a href="#[4d]">debug_mode_on_long_m_key</a> from hum_b.o(.text.debug_mode_on_long_m_key) referenced 2 times from hum_b.o(.data.mode_comps)
 <LI><a href="#[4e]">debug_mode_on_long_s_and_j_key</a> from hum_b.o(.text.debug_mode_on_long_s_and_j_key) referenced 2 times from hum_b.o(.data.mode_comps)
 <LI><a href="#[4a]">debug_mode_on_m_key</a> from hum_b.o(.text.debug_mode_on_m_key) referenced 2 times from hum_b.o(.data.mode_comps)
 <LI><a href="#[49]">debug_mode_on_s_key</a> from hum_b.o(.text.debug_mode_on_s_key) referenced 2 times from hum_b.o(.data.mode_comps)
 <LI><a href="#[26]">device_comps_output_debug_info</a> from device.o(.text.device_comps_output_debug_info) referenced 2 times from device.o(.data.device_comps)
 <LI><a href="#[27]">device_comps_task_handle</a> from device.o(.text.device_comps_task_handle) referenced 2 times from device.o(.data.device_comps)
 <LI><a href="#[6]">disable_adx_eoc_interrutp</a> from adx.o(.text.disable_adx_eoc_interrutp) referenced 2 times from adx.o(.data.adx_comps)
 <LI><a href="#[7]">enable_adx_eoc_interrutp</a> from adx.o(.text.enable_adx_eoc_interrutp) referenced 2 times from adx.o(.data.adx_comps)
 <LI><a href="#[32]">enter_cal_modify_mode</a> from hum_b.o(.text.enter_cal_modify_mode) referenced 2 times from hum_b.o(.data.hum_comps)
 <LI><a href="#[31]">enter_default_mode</a> from hum_b.o(.text.enter_default_mode) referenced 2 times from hum_b.o(.data.hum_comps)
 <LI><a href="#[c8]">enter_pwd_mode</a> from system.o(.text.enter_pwd_mode) referenced from system.o(.rodata.pwd_mode_task)
 <LI><a href="#[30]">enter_report_mode</a> from hum_b.o(.text.enter_report_mode) referenced 2 times from hum_b.o(.data.hum_comps)
 <LI><a href="#[2c]">ertc_read_broken_time</a> from ertc.o(.text.ertc_read_broken_time) referenced 2 times from ertc.o(.data.ertc_comps)
 <LI><a href="#[2d]">ertc_write_broken_time</a> from ertc.o(.text.ertc_write_broken_time) referenced 2 times from ertc.o(.data.ertc_comps)
 <LI><a href="#[b]">get_flow_meter_unit_display_value</a> from device.o(.text.get_flow_meter_unit_display_value) referenced 2 times from device.o(.data.device_comps)
 <LI><a href="#[25]">get_gps_info_from_net</a> from device.o(.text.get_gps_info_from_net) referenced 2 times from device.o(.data.device_comps)
 <LI><a href="#[33]">hum_comps_task_handle</a> from hum_b.o(.text.hum_comps_task_handle) referenced 2 times from hum_b.o(.data.hum_comps)
 <LI><a href="#[75]">i2c_init</a> from sw_i2c.o(.text.i2c_init) referenced 2 times from sw_i2c.o(.data.sw_i2c_comps)
 <LI><a href="#[77]">i2c_read</a> from sw_i2c.o(.text.i2c_read) referenced 2 times from sw_i2c.o(.data.sw_i2c_comps)
 <LI><a href="#[76]">i2c_write</a> from sw_i2c.o(.text.i2c_write) referenced 2 times from sw_i2c.o(.data.sw_i2c_comps)
 <LI><a href="#[0]">init_eeprom</a> from 24cxx.o(.text.init_eeprom) referenced 2 times from 24cxx.o(.data._24cxx_comps)
 <LI><a href="#[36]">ircComps_task_handle</a> from irc.o(.text.ircComps_task_handle) referenced 2 times from irc.o(.data.ircComps)
 <LI><a href="#[35]">irc_stop</a> from irc.o(.text.irc_stop) referenced 2 times from irc.o(.data.ircComps)
 <LI><a href="#[a6]">isspace</a> from isspace_o.o(.text) referenced 2 times from scanf_char.o(.text)
 <LI><a href="#[39]">loraComps_task_handle</a> from elora.o(.text.loraComps_task_handle) referenced 2 times from elora.o(.data.loraComps)
 <LI><a href="#[3a]">lora_comps_task_50ms</a> from elora.o(.text.lora_comps_task_50ms) referenced 2 times from elora.o(.data.loraComps)
 <LI><a href="#[a0]">main</a> from system_hc32l19x.o(.text.$Sub$$main) referenced from entry9a.o(.ARM.Collect$$$$0000000B)
 <LI><a href="#[2a]">measure_start</a> from epress.o(.text.measure_start) referenced 2 times from epress.o(.data.epress_comps)
 <LI><a href="#[40]">modbusComps_task_handle</a> from modbus.o(.text.modbusComps_task_handle) referenced 2 times from modbus.o(.data.modbusComps)
 <LI><a href="#[3b]">modbus_recv_timeout_call_back</a> from modbus.o(.text.modbus_recv_timeout_call_back) referenced 2 times from modbus.o(.data.modbusComps)
 <LI><a href="#[3f]">modbus_sendend_callback</a> from modbus.o(.text.modbus_sendend_callback) referenced 2 times from modbus.o(.data.modbusComps)
 <LI><a href="#[3e]">modify_modbus_baud_verify</a> from modbus.o(.text.modify_modbus_baud_verify) referenced 2 times from modbus.o(.data.modbusComps)
 <LI><a href="#[c7]">net_adapter_task_handler</a> from net_adapter.o(.text.net_adapter_task_handler) referenced from system.o(.rodata.net_adapter_task)
 <LI><a href="#[29]">net_power_off_call_back</a> from device.o(.text.net_power_off_call_back) referenced 2 times from device.o(.data.device_comps)
 <LI><a href="#[6c]">net_task_handle</a> from net.o(.text.net_task_handle) referenced 2 times from net.o(.data.netComps)
 <LI><a href="#[4c]">nop</a> from hum_b.o(.text.nop) referenced 62 times from hum_b.o(.data.mode_comps)
 <LI><a href="#[48]">normal_mode_display</a> from hum_b.o(.text.normal_mode_display) referenced 2 times from hum_b.o(.data.mode_comps)
 <LI><a href="#[43]">normal_mode_on_j_key</a> from hum_b.o(.text.normal_mode_on_j_key) referenced 2 times from hum_b.o(.data.mode_comps)
 <LI><a href="#[46]">normal_mode_on_long_j_key</a> from hum_b.o(.text.normal_mode_on_long_j_key) referenced 2 times from hum_b.o(.data.mode_comps)
 <LI><a href="#[45]">normal_mode_on_long_m_key</a> from hum_b.o(.text.normal_mode_on_long_m_key) referenced 2 times from hum_b.o(.data.mode_comps)
 <LI><a href="#[47]">normal_mode_on_long_s_and_j_key</a> from hum_b.o(.text.normal_mode_on_long_s_and_j_key) referenced 2 times from hum_b.o(.data.mode_comps)
 <LI><a href="#[44]">normal_mode_on_long_s_key</a> from hum_b.o(.text.normal_mode_on_long_s_key) referenced 2 times from hum_b.o(.data.mode_comps)
 <LI><a href="#[42]">normal_mode_on_m_key</a> from hum_b.o(.text.normal_mode_on_m_key) referenced 2 times from hum_b.o(.data.mode_comps)
 <LI><a href="#[41]">normal_mode_on_s_key</a> from hum_b.o(.text.normal_mode_on_s_key) referenced 2 times from hum_b.o(.data.mode_comps)
 <LI><a href="#[68]">param_modify_mode_display</a> from hum_b.o(.text.param_modify_mode_display) referenced 2 times from hum_b.o(.data.mode_comps)
 <LI><a href="#[66]">param_modify_mode_on_j_key</a> from hum_b.o(.text.param_modify_mode_on_j_key) referenced 2 times from hum_b.o(.data.mode_comps)
 <LI><a href="#[67]">param_modify_mode_on_long_s_key</a> from hum_b.o(.text.param_modify_mode_on_long_s_key) referenced 2 times from hum_b.o(.data.mode_comps)
 <LI><a href="#[65]">param_modify_mode_on_m_key</a> from hum_b.o(.text.param_modify_mode_on_m_key) referenced 2 times from hum_b.o(.data.mode_comps)
 <LI><a href="#[64]">param_modify_mode_on_s_key</a> from hum_b.o(.text.param_modify_mode_on_s_key) referenced 2 times from hum_b.o(.data.mode_comps)
 <LI><a href="#[63]">param_query_mode_display</a> from hum_b.o(.text.param_query_mode_display) referenced 2 times from hum_b.o(.data.mode_comps)
 <LI><a href="#[62]">param_query_mode_on_long_m_key</a> from hum_b.o(.text.param_query_mode_on_long_m_key) referenced 2 times from hum_b.o(.data.mode_comps)
 <LI><a href="#[61]">param_query_mode_on_m_key</a> from hum_b.o(.text.param_query_mode_on_m_key) referenced 2 times from hum_b.o(.data.mode_comps)
 <LI><a href="#[60]">param_query_mode_on_s_key</a> from hum_b.o(.text.param_query_mode_on_s_key) referenced 2 times from hum_b.o(.data.mode_comps)
 <LI><a href="#[6e]">protocolComps_task_handle</a> from protocol.o(.text.protocolComps_task_handle) referenced 2 times from protocol.o(.data.protocolComps)
 <LI><a href="#[55]">pwd_mode_display</a> from hum_b.o(.text.pwd_mode_display) referenced 2 times from hum_b.o(.data.mode_comps)
 <LI><a href="#[52]">pwd_mode_on_j_key</a> from hum_b.o(.text.pwd_mode_on_j_key) referenced 2 times from hum_b.o(.data.mode_comps)
 <LI><a href="#[54]">pwd_mode_on_long_m_key</a> from hum_b.o(.text.pwd_mode_on_long_m_key) referenced 2 times from hum_b.o(.data.mode_comps)
 <LI><a href="#[53]">pwd_mode_on_long_s_key</a> from hum_b.o(.text.pwd_mode_on_long_s_key) referenced 2 times from hum_b.o(.data.mode_comps)
 <LI><a href="#[51]">pwd_mode_on_m_key</a> from hum_b.o(.text.pwd_mode_on_m_key) referenced 2 times from hum_b.o(.data.mode_comps)
 <LI><a href="#[50]">pwd_mode_on_s_key</a> from hum_b.o(.text.pwd_mode_on_s_key) referenced 2 times from hum_b.o(.data.mode_comps)
 <LI><a href="#[2]">read_eeprom</a> from 24cxx.o(.text.read_eeprom) referenced 2 times from 24cxx.o(.data._24cxx_comps)
 <LI><a href="#[2b]">read_measure_relt</a> from epress.o(.text.read_measure_relt) referenced 2 times from epress.o(.data.epress_comps)
 <LI><a href="#[1c]">read_time_seg_data_param</a> from device.o(.text.read_time_seg_data_param) referenced 2 times from device.o(.data.device_comps)
 <LI><a href="#[6a]">report_mode_display</a> from hum_b.o(.text.report_mode_display) referenced 2 times from hum_b.o(.data.mode_comps)
 <LI><a href="#[21]">save_access_param</a> from device.o(.text.save_access_param) referenced 2 times from device.o(.data.device_comps)
 <LI><a href="#[1a]">save_alarm_param</a> from device.o(.text.save_alarm_param) referenced 2 times from device.o(.data.device_comps)
 <LI><a href="#[1b]">save_device_addr</a> from device.o(.text.save_device_addr) referenced 2 times from device.o(.data.device_comps)
 <LI><a href="#[15]">save_device_coe</a> from device.o(.text.save_device_coe) referenced 2 times from device.o(.data.device_comps)
 <LI><a href="#[17]">save_device_info</a> from device.o(.text.save_device_info) referenced 2 times from device.o(.data.device_comps)
 <LI><a href="#[11]">save_flow_cal_param</a> from device.o(.text.save_flow_cal_param) referenced 2 times from device.o(.data.device_comps)
 <LI><a href="#[12]">save_flow_meter</a> from device.o(.text.save_flow_meter) referenced 2 times from device.o(.data.device_comps)
 <LI><a href="#[24]">save_gps_param</a> from device.o(.text.save_gps_param) referenced 2 times from device.o(.data.device_comps)
 <LI><a href="#[23]">save_iot_param</a> from device.o(.text.save_iot_param) referenced 2 times from device.o(.data.device_comps)
 <LI><a href="#[22]">save_lbs_param</a> from device.o(.text.save_lbs_param) referenced 2 times from device.o(.data.device_comps)
 <LI><a href="#[37]">save_lora_cfg_info</a> from elora.o(.text.save_lora_cfg_info) referenced 2 times from elora.o(.data.loraComps)
 <LI><a href="#[16]">save_manufacturer_info</a> from device.o(.text.save_manufacturer_info) referenced 2 times from device.o(.data.device_comps)
 <LI><a href="#[13]">save_meter</a> from device.o(.text.save_meter) referenced 2 times from device.o(.data.device_comps)
 <LI><a href="#[14]">save_meter_backup</a> from device.o(.text.save_meter_backup) referenced 2 times from device.o(.data.device_comps)
 <LI><a href="#[1f]">save_misc_param</a> from device.o(.text.save_misc_param) referenced 2 times from device.o(.data.device_comps)
 <LI><a href="#[3d]">save_modbus_param</a> from modbus.o(.text.save_modbus_param) referenced 2 times from modbus.o(.data.modbusComps)
 <LI><a href="#[f]">save_press_cal_param</a> from device.o(.text.save_press_cal_param) referenced 2 times from device.o(.data.device_comps)
 <LI><a href="#[20]">save_report_param</a> from device.o(.text.save_report_param) referenced 2 times from device.o(.data.device_comps)
 <LI><a href="#[10]">save_res_cal_param</a> from device.o(.text.save_res_cal_param) referenced 2 times from device.o(.data.device_comps)
 <LI><a href="#[18]">save_sensor_info</a> from device.o(.text.save_sensor_info) referenced 2 times from device.o(.data.device_comps)
 <LI><a href="#[1e]">save_system_time</a> from device.o(.text.save_system_time) referenced 2 times from device.o(.data.device_comps)
 <LI><a href="#[19]">save_temp_comp_param</a> from device.o(.text.save_temp_comp_param) referenced 2 times from device.o(.data.device_comps)
 <LI><a href="#[1d]">save_time_seg_data_param</a> from device.o(.text.save_time_seg_data_param) referenced 2 times from device.o(.data.device_comps)
 <LI><a href="#[aa]">sci_fsm_dm_get_measure_data_ack_ok_callback</a> from sci_master.o(.text.sci_fsm_dm_get_measure_data_ack_ok_callback) referenced from sci_master.o(.text.sci_state_func_register)
 <LI><a href="#[a9]">sci_fsm_dm_get_measure_data_check_com</a> from sci_master.o(.text.sci_fsm_dm_get_measure_data_check_com) referenced from sci_master.o(.text.sci_state_func_register)
 <LI><a href="#[a8]">sci_fsm_dm_get_measure_data_no_ack_callback</a> from sci_master.o(.text.sci_fsm_dm_get_measure_data_no_ack_callback) referenced from sci_master.o(.text.sci_state_func_register)
 <LI><a href="#[a7]">sci_fsm_dm_get_measure_data_send_cmd</a> from sci_master.o(.text.sci_fsm_dm_get_measure_data_send_cmd) referenced from sci_master.o(.text.sci_state_func_register)
 <LI><a href="#[ae]">sci_fsm_pwm_set_duty_ack_ok_callback</a> from sci_master.o(.text.sci_fsm_pwm_set_duty_ack_ok_callback) referenced from sci_master.o(.text.sci_state_func_register)
 <LI><a href="#[ad]">sci_fsm_pwm_set_duty_check_com</a> from sci_master.o(.text.sci_fsm_pwm_set_duty_check_com) referenced from sci_master.o(.text.sci_state_func_register)
 <LI><a href="#[ac]">sci_fsm_pwm_set_duty_no_ack_callback</a> from sci_master.o(.text.sci_fsm_pwm_set_duty_no_ack_callback) referenced from sci_master.o(.text.sci_state_func_register)
 <LI><a href="#[ab]">sci_fsm_pwm_set_duty_send_cmd</a> from sci_master.o(.text.sci_fsm_pwm_set_duty_send_cmd) referenced from sci_master.o(.text.sci_state_func_register)
 <LI><a href="#[be]">sci_fsm_radar_get_measure_data_ack_ok_callback</a> from sci_master.o(.text.sci_fsm_radar_get_measure_data_ack_ok_callback) referenced from sci_master.o(.text.sci_state_func_register)
 <LI><a href="#[bd]">sci_fsm_radar_get_measure_data_check_com</a> from sci_master.o(.text.sci_fsm_radar_get_measure_data_check_com) referenced from sci_master.o(.text.sci_state_func_register)
 <LI><a href="#[bc]">sci_fsm_radar_get_measure_data_no_ack_callback</a> from sci_master.o(.text.sci_fsm_radar_get_measure_data_no_ack_callback) referenced from sci_master.o(.text.sci_state_func_register)
 <LI><a href="#[bb]">sci_fsm_radar_get_measure_data_send_cmd</a> from sci_master.o(.text.sci_fsm_radar_get_measure_data_send_cmd) referenced from sci_master.o(.text.sci_state_func_register)
 <LI><a href="#[b2]">sci_fsm_radar_set_cal_param_ack_ok_callback</a> from sci_master.o(.text.sci_fsm_radar_set_cal_param_ack_ok_callback) referenced from sci_master.o(.text.sci_state_func_register)
 <LI><a href="#[b1]">sci_fsm_radar_set_cal_param_check_com</a> from sci_master.o(.text.sci_fsm_radar_set_cal_param_check_com) referenced from sci_master.o(.text.sci_state_func_register)
 <LI><a href="#[b0]">sci_fsm_radar_set_cal_param_no_ack_callback</a> from sci_master.o(.text.sci_fsm_radar_set_cal_param_no_ack_callback) referenced from sci_master.o(.text.sci_state_func_register)
 <LI><a href="#[af]">sci_fsm_radar_set_cal_param_send_cmd</a> from sci_master.o(.text.sci_fsm_radar_set_cal_param_send_cmd) referenced from sci_master.o(.text.sci_state_func_register)
 <LI><a href="#[ba]">sci_fsm_radar_set_mounting_height_ack_ok_callback</a> from sci_master.o(.text.sci_fsm_radar_set_mounting_height_ack_ok_callback) referenced from sci_master.o(.text.sci_state_func_register)
 <LI><a href="#[b9]">sci_fsm_radar_set_mounting_height_check_com</a> from sci_master.o(.text.sci_fsm_radar_set_mounting_height_check_com) referenced from sci_master.o(.text.sci_state_func_register)
 <LI><a href="#[b8]">sci_fsm_radar_set_mounting_height_no_ack_callback</a> from sci_master.o(.text.sci_fsm_radar_set_mounting_height_no_ack_callback) referenced from sci_master.o(.text.sci_state_func_register)
 <LI><a href="#[b7]">sci_fsm_radar_set_mounting_height_send_cmd</a> from sci_master.o(.text.sci_fsm_radar_set_mounting_height_send_cmd) referenced from sci_master.o(.text.sci_state_func_register)
 <LI><a href="#[b6]">sci_fsm_radar_set_mounting_liquid_height_ack_ok_callback</a> from sci_master.o(.text.sci_fsm_radar_set_mounting_liquid_height_ack_ok_callback) referenced from sci_master.o(.text.sci_state_func_register)
 <LI><a href="#[b5]">sci_fsm_radar_set_mounting_liquid_height_check_com</a> from sci_master.o(.text.sci_fsm_radar_set_mounting_liquid_height_check_com) referenced from sci_master.o(.text.sci_state_func_register)
 <LI><a href="#[b4]">sci_fsm_radar_set_mounting_liquid_height_no_ack_callback</a> from sci_master.o(.text.sci_fsm_radar_set_mounting_liquid_height_no_ack_callback) referenced from sci_master.o(.text.sci_state_func_register)
 <LI><a href="#[b3]">sci_fsm_radar_set_mounting_liquid_height_send_cmd</a> from sci_master.o(.text.sci_fsm_radar_set_mounting_liquid_height_send_cmd) referenced from sci_master.o(.text.sci_state_func_register)
 <LI><a href="#[c2]">sci_fsm_ultrasonic_radar_get_measure_data_ack_ok_callback</a> from sci_master.o(.text.sci_fsm_ultrasonic_radar_get_measure_data_ack_ok_callback) referenced from sci_master.o(.text.sci_state_func_register)
 <LI><a href="#[c1]">sci_fsm_ultrasonic_radar_get_measure_data_check_com</a> from sci_master.o(.text.sci_fsm_ultrasonic_radar_get_measure_data_check_com) referenced from sci_master.o(.text.sci_state_func_register)
 <LI><a href="#[c0]">sci_fsm_ultrasonic_radar_get_measure_data_no_ack_callback</a> from sci_master.o(.text.sci_fsm_ultrasonic_radar_get_measure_data_no_ack_callback) referenced from sci_master.o(.text.sci_state_func_register)
 <LI><a href="#[bf]">sci_fsm_ultrasonic_radar_get_measure_data_send_cmd</a> from sci_master.o(.text.sci_fsm_ultrasonic_radar_get_measure_data_send_cmd) referenced from sci_master.o(.text.sci_state_func_register)
 <LI><a href="#[72]">sci_get_current_state_request_flag</a> from sci_master.o(.text.sci_get_current_state_request_flag) referenced 2 times from sci_master.o(.data.sci_comps)
 <LI><a href="#[6f]">sci_recv_1byte_callback</a> from sci_master.o(.text.sci_recv_1byte_callback) referenced 2 times from sci_master.o(.data.sci_comps)
 <LI><a href="#[71]">sci_send_msg</a> from sci_master.o(.text.sci_send_msg) referenced 2 times from sci_master.o(.data.sci_comps)
 <LI><a href="#[70]">sci_sendend_callback</a> from sci_master.o(.text.sci_sendend_callback) referenced 2 times from sci_master.o(.data.sci_comps)
 <LI><a href="#[73]">sci_task_50ms</a> from sci_master.o(.text.sci_task_50ms) referenced 2 times from sci_master.o(.data.sci_comps)
 <LI><a href="#[74]">sci_task_handle</a> from sci_master.o(.text.sci_task_handle) referenced 2 times from sci_master.o(.data.sci_comps)
 <LI><a href="#[69]">self_test_mode_display</a> from hum_b.o(.text.self_test_mode_display) referenced 2 times from hum_b.o(.data.mode_comps)
 <LI><a href="#[9]">start_buzzer</a> from device.o(.text.start_buzzer) referenced 2 times from device.o(.data.device_comps)
 <LI><a href="#[c]">start_out_pluse</a> from device.o(.text.start_out_pluse) referenced 2 times from device.o(.data.device_comps)
 <LI><a href="#[a]">stop_buzzer</a> from device.o(.text.stop_buzzer) referenced 2 times from device.o(.data.device_comps)
 <LI><a href="#[34]">store_irc_buffer</a> from irc.o(.text.store_irc_buffer) referenced 2 times from irc.o(.data.ircComps)
 <LI><a href="#[38]">store_lora_buffer</a> from elora.o(.text.store_lora_buffer) referenced 2 times from elora.o(.data.loraComps)
 <LI><a href="#[3c]">store_modbus_buffer</a> from modbus.o(.text.store_modbus_buffer) referenced 2 times from modbus.o(.data.modbusComps)
 <LI><a href="#[6b]">store_net_buffer</a> from net.o(.text.store_net_buffer) referenced 2 times from net.o(.data.netComps)
 <LI><a href="#[79]">task_process</a> from system.o(.text.task_process) referenced 2 times from system.o(.data.systemComps)
 <LI><a href="#[78]">user_init</a> from system.o(.text.user_init) referenced 2 times from system.o(.data.systemComps)
 <LI><a href="#[1]">write_eeprom</a> from 24cxx.o(.text.write_eeprom) referenced 2 times from 24cxx.o(.data._24cxx_comps)
 <LI><a href="#[6d]">write_net_com</a> from net.o(.text.write_net_com) referenced 2 times from net.o(.data.netMisc)
 <LI><a href="#[2f]">x18x20_read_measure_relt</a> from etemp.o(.text.x18x20_read_measure_relt) referenced 2 times from etemp.o(.data.etemp_comps)
 <LI><a href="#[2e]">x18x20_start_temp_convert</a> from etemp.o(.text.x18x20_start_temp_convert) referenced 2 times from etemp.o(.data.etemp_comps)
</UL>
<P>
<H3>
Global Symbols
</H3>
<P><STRONG><a name="[a2]"></a>__main</STRONG> (Thumb, 0 bytes, Stack size unknown bytes, entry.o(.ARM.Collect$$$$00000000))
<BR>[Address Reference Count : 1]<UL><LI> startup_hc32l19x.o(.text)
</UL>
<P><STRONG><a name="[335]"></a>_main_stk</STRONG> (Thumb, 0 bytes, Stack size unknown bytes, entry2.o(.ARM.Collect$$$$00000001))

<P><STRONG><a name="[c9]"></a>_main_scatterload</STRONG> (Thumb, 0 bytes, Stack size unknown bytes, entry5.o(.ARM.Collect$$$$00000004))
<BR><BR>[Calls]<UL><LI><a href="#[ca]">&gt;&gt;</a>&nbsp;&nbsp;&nbsp;__scatterload
</UL>

<P><STRONG><a name="[ff]"></a>__main_after_scatterload</STRONG> (Thumb, 0 bytes, Stack size unknown bytes, entry5.o(.ARM.Collect$$$$00000004))
<BR><BR>[Called By]<UL><LI><a href="#[ca]">&gt;&gt;</a>&nbsp;&nbsp;&nbsp;__scatterload
</UL>

<P><STRONG><a name="[336]"></a>_main_clock</STRONG> (Thumb, 0 bytes, Stack size unknown bytes, entry7b.o(.ARM.Collect$$$$00000008))

<P><STRONG><a name="[337]"></a>_main_cpp_init</STRONG> (Thumb, 0 bytes, Stack size unknown bytes, entry8b.o(.ARM.Collect$$$$0000000A))

<P><STRONG><a name="[338]"></a>_main_init</STRONG> (Thumb, 0 bytes, Stack size unknown bytes, entry9a.o(.ARM.Collect$$$$0000000B))

<P><STRONG><a name="[339]"></a>__rt_final_cpp</STRONG> (Thumb, 0 bytes, Stack size unknown bytes, entry10a.o(.ARM.Collect$$$$0000000D))

<P><STRONG><a name="[33a]"></a>__rt_final_exit</STRONG> (Thumb, 0 bytes, Stack size unknown bytes, entry11a.o(.ARM.Collect$$$$0000000F))

<P><STRONG><a name="[7a]"></a>Reset_Handler</STRONG> (Thumb, 26 bytes, Stack size 0 bytes, startup_hc32l19x.o(.text))
<BR>[Address Reference Count : 1]<UL><LI> startup_hc32l19x.o(RESET)
</UL>
<P><STRONG><a name="[7b]"></a>NMI_Handler</STRONG> (Thumb, 2 bytes, Stack size 0 bytes, startup_hc32l19x.o(.text))
<BR><BR>[Calls]<UL><LI><a href="#[7b]">&gt;&gt;</a>&nbsp;&nbsp;&nbsp;NMI_Handler
</UL>
<BR>[Called By]<UL><LI><a href="#[7b]">&gt;&gt;</a>&nbsp;&nbsp;&nbsp;NMI_Handler
</UL>
<BR>[Address Reference Count : 1]<UL><LI> startup_hc32l19x.o(RESET)
</UL>
<P><STRONG><a name="[7d]"></a>SVC_Handler</STRONG> (Thumb, 2 bytes, Stack size 0 bytes, startup_hc32l19x.o(.text))
<BR><BR>[Calls]<UL><LI><a href="#[7d]">&gt;&gt;</a>&nbsp;&nbsp;&nbsp;SVC_Handler
</UL>
<BR>[Called By]<UL><LI><a href="#[7d]">&gt;&gt;</a>&nbsp;&nbsp;&nbsp;SVC_Handler
</UL>
<BR>[Address Reference Count : 1]<UL><LI> startup_hc32l19x.o(RESET)
</UL>
<P><STRONG><a name="[7e]"></a>PendSV_Handler</STRONG> (Thumb, 2 bytes, Stack size 0 bytes, startup_hc32l19x.o(.text))
<BR><BR>[Calls]<UL><LI><a href="#[7e]">&gt;&gt;</a>&nbsp;&nbsp;&nbsp;PendSV_Handler
</UL>
<BR>[Called By]<UL><LI><a href="#[7e]">&gt;&gt;</a>&nbsp;&nbsp;&nbsp;PendSV_Handler
</UL>
<BR>[Address Reference Count : 1]<UL><LI> startup_hc32l19x.o(RESET)
</UL>
<P><STRONG><a name="[cb]"></a>__aeabi_ldivmod</STRONG> (Thumb, 76 bytes, Stack size 24 bytes, ldiv.o(.text))
<BR><BR>[Stack]<UL><LI>Max Depth = 80<LI>Call Chain = __aeabi_ldivmod &rArr; __aeabi_uldivmod &rArr; __aeabi_llsl
</UL>
<BR>[Calls]<UL><LI><a href="#[cc]">&gt;&gt;</a>&nbsp;&nbsp;&nbsp;__aeabi_uldivmod
</UL>
<BR>[Called By]<UL><LI><a href="#[241]">&gt;&gt;</a>&nbsp;&nbsp;&nbsp;calc_4_20ma_output
<LI><a href="#[27]">&gt;&gt;</a>&nbsp;&nbsp;&nbsp;device_comps_task_handle
<LI><a href="#[261]">&gt;&gt;</a>&nbsp;&nbsp;&nbsp;cps135b_read_measure_relt
<LI><a href="#[22c]">&gt;&gt;</a>&nbsp;&nbsp;&nbsp;_1942_read_measure_relt
</UL>

<P><STRONG><a name="[ef]"></a>__aeabi_lmul</STRONG> (Thumb, 48 bytes, Stack size 12 bytes, llmul.o(.text))
<BR><BR>[Stack]<UL><LI>Max Depth = 12<LI>Call Chain = __aeabi_lmul
</UL>
<BR>[Called By]<UL><LI><a href="#[241]">&gt;&gt;</a>&nbsp;&nbsp;&nbsp;calc_4_20ma_output
<LI><a href="#[27]">&gt;&gt;</a>&nbsp;&nbsp;&nbsp;device_comps_task_handle
<LI><a href="#[22c]">&gt;&gt;</a>&nbsp;&nbsp;&nbsp;_1942_read_measure_relt
<LI><a href="#[f2]">&gt;&gt;</a>&nbsp;&nbsp;&nbsp;_fp_value
<LI><a href="#[ee]">&gt;&gt;</a>&nbsp;&nbsp;&nbsp;_scanf_longlong
</UL>

<P><STRONG><a name="[33b]"></a>_ll_mul</STRONG> (Thumb, 0 bytes, Stack size 12 bytes, llmul.o(.text), UNUSED)

<P><STRONG><a name="[cd]"></a>mktime</STRONG> (Thumb, 124 bytes, Stack size 16 bytes, mktime.o(.text))
<BR><BR>[Stack]<UL><LI>Max Depth = 48<LI>Call Chain = mktime &rArr; _localtime &rArr; __aeabi_uidivmod
</UL>
<BR>[Calls]<UL><LI><a href="#[cf]">&gt;&gt;</a>&nbsp;&nbsp;&nbsp;_localtime
<LI><a href="#[ce]">&gt;&gt;</a>&nbsp;&nbsp;&nbsp;__aeabi_idivmod
</UL>
<BR>[Called By]<UL><LI><a href="#[103]">&gt;&gt;</a>&nbsp;&nbsp;&nbsp;$Super$$main
</UL>

<P><STRONG><a name="[16a]"></a>__aeabi_memcpy</STRONG> (Thumb, 64 bytes, Stack size 8 bytes, memmovea.o(.text))
<BR><BR>[Stack]<UL><LI>Max Depth = 8<LI>Call Chain = __aeabi_memcpy
</UL>
<BR>[Called By]<UL><LI><a href="#[17a]">&gt;&gt;</a>&nbsp;&nbsp;&nbsp;Pro_irc
<LI><a href="#[188]">&gt;&gt;</a>&nbsp;&nbsp;&nbsp;Deal_irc
<LI><a href="#[29]">&gt;&gt;</a>&nbsp;&nbsp;&nbsp;net_power_off_call_back
<LI><a href="#[26a]">&gt;&gt;</a>&nbsp;&nbsp;&nbsp;read_all_param
<LI><a href="#[189]">&gt;&gt;</a>&nbsp;&nbsp;&nbsp;Deal_lora
<LI><a href="#[184]">&gt;&gt;</a>&nbsp;&nbsp;&nbsp;DealDownCmd
<LI><a href="#[206]">&gt;&gt;</a>&nbsp;&nbsp;&nbsp;Srv_Protol
<LI><a href="#[1ce]">&gt;&gt;</a>&nbsp;&nbsp;&nbsp;PacketCoapMsg
<LI><a href="#[195]">&gt;&gt;</a>&nbsp;&nbsp;&nbsp;GetMsg
<LI><a href="#[252]">&gt;&gt;</a>&nbsp;&nbsp;&nbsp;switch_ip_push_data_to_ip1
<LI><a href="#[200]">&gt;&gt;</a>&nbsp;&nbsp;&nbsp;Srv_GSM
<LI><a href="#[2d4]">&gt;&gt;</a>&nbsp;&nbsp;&nbsp;load_ip
<LI><a href="#[2b8]">&gt;&gt;</a>&nbsp;&nbsp;&nbsp;flush_display_buffer
<LI><a href="#[166]">&gt;&gt;</a>&nbsp;&nbsp;&nbsp;App_Rst_IC_Display
<LI><a href="#[2c9]">&gt;&gt;</a>&nbsp;&nbsp;&nbsp;hum_comps_init
</UL>

<P><STRONG><a name="[324]"></a>__aeabi_memcpy4</STRONG> (Thumb, 0 bytes, Stack size 8 bytes, memmovea.o(.text))
<BR><BR>[Stack]<UL><LI>Max Depth = 8<LI>Call Chain = __aeabi_memcpy4
</UL>
<BR>[Called By]<UL><LI><a href="#[322]">&gt;&gt;</a>&nbsp;&nbsp;&nbsp;sci_fsm_switch_state_by_request_state
<LI><a href="#[74]">&gt;&gt;</a>&nbsp;&nbsp;&nbsp;sci_task_handle
</UL>

<P><STRONG><a name="[1d3]"></a>__aeabi_memcpy8</STRONG> (Thumb, 0 bytes, Stack size 8 bytes, memmovea.o(.text))
<BR><BR>[Stack]<UL><LI>Max Depth = 8<LI>Call Chain = __aeabi_memcpy8
</UL>
<BR>[Called By]<UL><LI><a href="#[17a]">&gt;&gt;</a>&nbsp;&nbsp;&nbsp;Pro_irc
</UL>

<P><STRONG><a name="[18b]"></a>__aeabi_memmove</STRONG> (Thumb, 0 bytes, Stack size 8 bytes, memmovea.o(.text))
<BR><BR>[Stack]<UL><LI>Max Depth = 8<LI>Call Chain = __aeabi_memmove
</UL>
<BR>[Called By]<UL><LI><a href="#[18a]">&gt;&gt;</a>&nbsp;&nbsp;&nbsp;Deal_modbus
<LI><a href="#[318]">&gt;&gt;</a>&nbsp;&nbsp;&nbsp;sci_check_com_atom
</UL>

<P><STRONG><a name="[33c]"></a>__aeabi_memmove4</STRONG> (Thumb, 0 bytes, Stack size 8 bytes, memmovea.o(.text), UNUSED)

<P><STRONG><a name="[33d]"></a>__aeabi_memmove8</STRONG> (Thumb, 0 bytes, Stack size 8 bytes, memmovea.o(.text), UNUSED)

<P><STRONG><a name="[d1]"></a>__aeabi_memset</STRONG> (Thumb, 14 bytes, Stack size 0 bytes, memseta.o(.text))
<BR><BR>[Called By]<UL><LI><a href="#[d2]">&gt;&gt;</a>&nbsp;&nbsp;&nbsp;_memset$wrapper
<LI><a href="#[d0]">&gt;&gt;</a>&nbsp;&nbsp;&nbsp;__aeabi_memclr
</UL>

<P><STRONG><a name="[33e]"></a>__aeabi_memset4</STRONG> (Thumb, 0 bytes, Stack size 0 bytes, memseta.o(.text), UNUSED)

<P><STRONG><a name="[33f]"></a>__aeabi_memset8</STRONG> (Thumb, 0 bytes, Stack size 0 bytes, memseta.o(.text), UNUSED)

<P><STRONG><a name="[d0]"></a>__aeabi_memclr</STRONG> (Thumb, 4 bytes, Stack size 0 bytes, memseta.o(.text))
<BR><BR>[Calls]<UL><LI><a href="#[d1]">&gt;&gt;</a>&nbsp;&nbsp;&nbsp;__aeabi_memset
</UL>
<BR>[Called By]<UL><LI><a href="#[17a]">&gt;&gt;</a>&nbsp;&nbsp;&nbsp;Pro_irc
<LI><a href="#[184]">&gt;&gt;</a>&nbsp;&nbsp;&nbsp;DealDownCmd
<LI><a href="#[206]">&gt;&gt;</a>&nbsp;&nbsp;&nbsp;Srv_Protol
<LI><a href="#[1ce]">&gt;&gt;</a>&nbsp;&nbsp;&nbsp;PacketCoapMsg
<LI><a href="#[195]">&gt;&gt;</a>&nbsp;&nbsp;&nbsp;GetMsg
<LI><a href="#[252]">&gt;&gt;</a>&nbsp;&nbsp;&nbsp;switch_ip_push_data_to_ip1
<LI><a href="#[200]">&gt;&gt;</a>&nbsp;&nbsp;&nbsp;Srv_GSM
<LI><a href="#[2d4]">&gt;&gt;</a>&nbsp;&nbsp;&nbsp;load_ip
<LI><a href="#[3c]">&gt;&gt;</a>&nbsp;&nbsp;&nbsp;store_modbus_buffer
</UL>

<P><STRONG><a name="[2ca]"></a>__aeabi_memclr4</STRONG> (Thumb, 0 bytes, Stack size 0 bytes, memseta.o(.text))
<BR><BR>[Called By]<UL><LI><a href="#[26a]">&gt;&gt;</a>&nbsp;&nbsp;&nbsp;read_all_param
<LI><a href="#[197]">&gt;&gt;</a>&nbsp;&nbsp;&nbsp;reset_net_deive_rcvbuf
<LI><a href="#[bf]">&gt;&gt;</a>&nbsp;&nbsp;&nbsp;sci_fsm_ultrasonic_radar_get_measure_data_send_cmd
<LI><a href="#[bb]">&gt;&gt;</a>&nbsp;&nbsp;&nbsp;sci_fsm_radar_get_measure_data_send_cmd
<LI><a href="#[b7]">&gt;&gt;</a>&nbsp;&nbsp;&nbsp;sci_fsm_radar_set_mounting_height_send_cmd
<LI><a href="#[b3]">&gt;&gt;</a>&nbsp;&nbsp;&nbsp;sci_fsm_radar_set_mounting_liquid_height_send_cmd
<LI><a href="#[af]">&gt;&gt;</a>&nbsp;&nbsp;&nbsp;sci_fsm_radar_set_cal_param_send_cmd
<LI><a href="#[ab]">&gt;&gt;</a>&nbsp;&nbsp;&nbsp;sci_fsm_pwm_set_duty_send_cmd
<LI><a href="#[a7]">&gt;&gt;</a>&nbsp;&nbsp;&nbsp;sci_fsm_dm_get_measure_data_send_cmd
<LI><a href="#[6f]">&gt;&gt;</a>&nbsp;&nbsp;&nbsp;sci_recv_1byte_callback
<LI><a href="#[2c9]">&gt;&gt;</a>&nbsp;&nbsp;&nbsp;hum_comps_init
</UL>

<P><STRONG><a name="[2fe]"></a>__aeabi_memclr8</STRONG> (Thumb, 0 bytes, Stack size 0 bytes, memseta.o(.text))
<BR><BR>[Called By]<UL><LI><a href="#[26a]">&gt;&gt;</a>&nbsp;&nbsp;&nbsp;read_all_param
</UL>

<P><STRONG><a name="[d2]"></a>_memset$wrapper</STRONG> (Thumb, 18 bytes, Stack size 8 bytes, memseta.o(.text), UNUSED)
<BR><BR>[Calls]<UL><LI><a href="#[d1]">&gt;&gt;</a>&nbsp;&nbsp;&nbsp;__aeabi_memset
</UL>

<P><STRONG><a name="[138]"></a>strstr</STRONG> (Thumb, 40 bytes, Stack size 12 bytes, strstr.o(.text))
<BR><BR>[Stack]<UL><LI>Max Depth = 12<LI>Call Chain = strstr
</UL>
<BR>[Called By]<UL><LI><a href="#[2f0]">&gt;&gt;</a>&nbsp;&nbsp;&nbsp;wifi_com_rx_byte_isr
<LI><a href="#[184]">&gt;&gt;</a>&nbsp;&nbsp;&nbsp;DealDownCmd
<LI><a href="#[137]">&gt;&gt;</a>&nbsp;&nbsp;&nbsp;Analysis_downstream_package
<LI><a href="#[200]">&gt;&gt;</a>&nbsp;&nbsp;&nbsp;Srv_GSM
<LI><a href="#[6a]">&gt;&gt;</a>&nbsp;&nbsp;&nbsp;report_mode_display
<LI><a href="#[253]">&gt;&gt;</a>&nbsp;&nbsp;&nbsp;check_response
<LI><a href="#[317]">&gt;&gt;</a>&nbsp;&nbsp;&nbsp;reset
<LI><a href="#[25d]">&gt;&gt;</a>&nbsp;&nbsp;&nbsp;config_param
</UL>

<P><STRONG><a name="[2de]"></a>strncpy</STRONG> (Thumb, 26 bytes, Stack size 8 bytes, strncpy.o(.text))
<BR><BR>[Stack]<UL><LI>Max Depth = 8<LI>Call Chain = strncpy
</UL>
<BR>[Called By]<UL><LI><a href="#[2f0]">&gt;&gt;</a>&nbsp;&nbsp;&nbsp;wifi_com_rx_byte_isr
<LI><a href="#[254]">&gt;&gt;</a>&nbsp;&nbsp;&nbsp;pop_line
</UL>

<P><STRONG><a name="[139]"></a>strchr</STRONG> (Thumb, 20 bytes, Stack size 0 bytes, strchr.o(.text))
<BR><BR>[Called By]<UL><LI><a href="#[137]">&gt;&gt;</a>&nbsp;&nbsp;&nbsp;Analysis_downstream_package
<LI><a href="#[65]">&gt;&gt;</a>&nbsp;&nbsp;&nbsp;param_modify_mode_on_m_key
<LI><a href="#[63]">&gt;&gt;</a>&nbsp;&nbsp;&nbsp;param_query_mode_display
</UL>

<P><STRONG><a name="[130]"></a>strlen</STRONG> (Thumb, 14 bytes, Stack size 0 bytes, strlen.o(.text))
<BR><BR>[Called By]<UL><LI><a href="#[136]">&gt;&gt;</a>&nbsp;&nbsp;&nbsp;AddTp
<LI><a href="#[132]">&gt;&gt;</a>&nbsp;&nbsp;&nbsp;AddPressInfo
<LI><a href="#[131]">&gt;&gt;</a>&nbsp;&nbsp;&nbsp;AddGpsLoc
<LI><a href="#[12d]">&gt;&gt;</a>&nbsp;&nbsp;&nbsp;AddAddr
<LI><a href="#[192]">&gt;&gt;</a>&nbsp;&nbsp;&nbsp;encapsulate_self_pack
<LI><a href="#[184]">&gt;&gt;</a>&nbsp;&nbsp;&nbsp;DealDownCmd
<LI><a href="#[252]">&gt;&gt;</a>&nbsp;&nbsp;&nbsp;switch_ip_push_data_to_ip1
<LI><a href="#[200]">&gt;&gt;</a>&nbsp;&nbsp;&nbsp;Srv_GSM
<LI><a href="#[2d4]">&gt;&gt;</a>&nbsp;&nbsp;&nbsp;load_ip
<LI><a href="#[19a]">&gt;&gt;</a>&nbsp;&nbsp;&nbsp;check_net_device_ack
<LI><a href="#[65]">&gt;&gt;</a>&nbsp;&nbsp;&nbsp;param_modify_mode_on_m_key
<LI><a href="#[25f]">&gt;&gt;</a>&nbsp;&nbsp;&nbsp;send_cmd
</UL>

<P><STRONG><a name="[268]"></a>strcmp</STRONG> (Thumb, 28 bytes, Stack size 8 bytes, strcmp.o(.text))
<BR><BR>[Stack]<UL><LI>Max Depth = 8<LI>Call Chain = strcmp
</UL>
<BR>[Called By]<UL><LI><a href="#[267]">&gt;&gt;</a>&nbsp;&nbsp;&nbsp;device_comps_init
</UL>

<P><STRONG><a name="[225]"></a>memcmp</STRONG> (Thumb, 26 bytes, Stack size 12 bytes, memcmp.o(.text))
<BR><BR>[Stack]<UL><LI>Max Depth = 12<LI>Call Chain = memcmp
</UL>
<BR>[Called By]<UL><LI><a href="#[13a]">&gt;&gt;</a>&nbsp;&nbsp;&nbsp;VerifyMeterId
<LI><a href="#[19a]">&gt;&gt;</a>&nbsp;&nbsp;&nbsp;check_net_device_ack
<LI><a href="#[2b8]">&gt;&gt;</a>&nbsp;&nbsp;&nbsp;flush_display_buffer
</UL>

<P><STRONG><a name="[302]"></a>strcpy</STRONG> (Thumb, 18 bytes, Stack size 0 bytes, strcpy.o(.text))
<BR><BR>[Called By]<UL><LI><a href="#[26a]">&gt;&gt;</a>&nbsp;&nbsp;&nbsp;read_all_param
</UL>

<P><STRONG><a name="[d3]"></a>sscanf</STRONG> (Thumb, 50 bytes, Stack size 72 bytes, sscanf.o(.text))
<BR><BR>[Stack]<UL><LI>Max Depth = 264<LI>Call Chain = sscanf &rArr; __vfscanf_char &rArr; __vfscanf &rArr; _scanf_real
</UL>
<BR>[Calls]<UL><LI><a href="#[d4]">&gt;&gt;</a>&nbsp;&nbsp;&nbsp;__vfscanf_char
</UL>
<BR>[Called By]<UL><LI><a href="#[200]">&gt;&gt;</a>&nbsp;&nbsp;&nbsp;Srv_GSM
</UL>

<P><STRONG><a name="[d5]"></a>strtol</STRONG> (Thumb, 108 bytes, Stack size 32 bytes, strtol.o(.text))
<BR><BR>[Stack]<UL><LI>Max Depth = 72<LI>Call Chain = strtol &rArr; _strtoul
</UL>
<BR>[Calls]<UL><LI><a href="#[d7]">&gt;&gt;</a>&nbsp;&nbsp;&nbsp;_strtoul
<LI><a href="#[d8]">&gt;&gt;</a>&nbsp;&nbsp;&nbsp;__aeabi_errno_addr
<LI><a href="#[d6]">&gt;&gt;</a>&nbsp;&nbsp;&nbsp;__rt_ctype_table
</UL>
<BR>[Called By]<UL><LI><a href="#[25]">&gt;&gt;</a>&nbsp;&nbsp;&nbsp;get_gps_info_from_net
<LI><a href="#[196]">&gt;&gt;</a>&nbsp;&nbsp;&nbsp;GetRssi
<LI><a href="#[200]">&gt;&gt;</a>&nbsp;&nbsp;&nbsp;Srv_GSM
<LI><a href="#[65]">&gt;&gt;</a>&nbsp;&nbsp;&nbsp;param_modify_mode_on_m_key
<LI><a href="#[63]">&gt;&gt;</a>&nbsp;&nbsp;&nbsp;param_query_mode_display
<LI><a href="#[da]">&gt;&gt;</a>&nbsp;&nbsp;&nbsp;atol
<LI><a href="#[d9]">&gt;&gt;</a>&nbsp;&nbsp;&nbsp;atoi
</UL>

<P><STRONG><a name="[d9]"></a>atoi</STRONG> (Thumb, 26 bytes, Stack size 16 bytes, atoi.o(.text))
<BR><BR>[Stack]<UL><LI>Max Depth = 88<LI>Call Chain = atoi &rArr; strtol &rArr; _strtoul
</UL>
<BR>[Calls]<UL><LI><a href="#[d8]">&gt;&gt;</a>&nbsp;&nbsp;&nbsp;__aeabi_errno_addr
<LI><a href="#[d5]">&gt;&gt;</a>&nbsp;&nbsp;&nbsp;strtol
</UL>
<BR>[Called By]<UL><LI><a href="#[200]">&gt;&gt;</a>&nbsp;&nbsp;&nbsp;Srv_GSM
</UL>

<P><STRONG><a name="[da]"></a>atol</STRONG> (Thumb, 26 bytes, Stack size 16 bytes, atol.o(.text))
<BR><BR>[Stack]<UL><LI>Max Depth = 88<LI>Call Chain = atol &rArr; strtol &rArr; _strtoul
</UL>
<BR>[Calls]<UL><LI><a href="#[d8]">&gt;&gt;</a>&nbsp;&nbsp;&nbsp;__aeabi_errno_addr
<LI><a href="#[d5]">&gt;&gt;</a>&nbsp;&nbsp;&nbsp;strtol
</UL>
<BR>[Called By]<UL><LI><a href="#[184]">&gt;&gt;</a>&nbsp;&nbsp;&nbsp;DealDownCmd
</UL>

<P><STRONG><a name="[db]"></a>__aeabi_fadd</STRONG> (Thumb, 162 bytes, Stack size 24 bytes, fadd.o(.text))
<BR><BR>[Stack]<UL><LI>Max Depth = 36<LI>Call Chain = __aeabi_fadd &rArr; _float_epilogue
</UL>
<BR>[Calls]<UL><LI><a href="#[dd]">&gt;&gt;</a>&nbsp;&nbsp;&nbsp;_float_round
<LI><a href="#[dc]">&gt;&gt;</a>&nbsp;&nbsp;&nbsp;_float_epilogue
</UL>
<BR>[Called By]<UL><LI><a href="#[16f]">&gt;&gt;</a>&nbsp;&nbsp;&nbsp;Uart_Init
<LI><a href="#[15d]">&gt;&gt;</a>&nbsp;&nbsp;&nbsp;LPUart_Init
<LI><a href="#[de]">&gt;&gt;</a>&nbsp;&nbsp;&nbsp;__aeabi_fsub
<LI><a href="#[24e]">&gt;&gt;</a>&nbsp;&nbsp;&nbsp;calc_total_flowN
<LI><a href="#[24c]">&gt;&gt;</a>&nbsp;&nbsp;&nbsp;calc_total_flow
<LI><a href="#[246]">&gt;&gt;</a>&nbsp;&nbsp;&nbsp;calc_s1_current_flow
<LI><a href="#[df]">&gt;&gt;</a>&nbsp;&nbsp;&nbsp;__aeabi_frsub
</UL>

<P><STRONG><a name="[de]"></a>__aeabi_fsub</STRONG> (Thumb, 8 bytes, Stack size 0 bytes, fadd.o(.text))
<BR><BR>[Stack]<UL><LI>Max Depth = 36<LI>Call Chain = __aeabi_fsub &rArr; __aeabi_fadd &rArr; _float_epilogue
</UL>
<BR>[Calls]<UL><LI><a href="#[db]">&gt;&gt;</a>&nbsp;&nbsp;&nbsp;__aeabi_fadd
</UL>
<BR>[Called By]<UL><LI><a href="#[24e]">&gt;&gt;</a>&nbsp;&nbsp;&nbsp;calc_total_flowN
<LI><a href="#[24c]">&gt;&gt;</a>&nbsp;&nbsp;&nbsp;calc_total_flow
<LI><a href="#[246]">&gt;&gt;</a>&nbsp;&nbsp;&nbsp;calc_s1_current_flow
</UL>

<P><STRONG><a name="[df]"></a>__aeabi_frsub</STRONG> (Thumb, 8 bytes, Stack size 0 bytes, fadd.o(.text), UNUSED)
<BR><BR>[Calls]<UL><LI><a href="#[db]">&gt;&gt;</a>&nbsp;&nbsp;&nbsp;__aeabi_fadd
</UL>

<P><STRONG><a name="[120]"></a>__aeabi_fmul</STRONG> (Thumb, 122 bytes, Stack size 16 bytes, fmul.o(.text))
<BR><BR>[Stack]<UL><LI>Max Depth = 16<LI>Call Chain = __aeabi_fmul
</UL>
<BR>[Called By]<UL><LI><a href="#[1d9]">&gt;&gt;</a>&nbsp;&nbsp;&nbsp;f_mul
<LI><a href="#[180]">&gt;&gt;</a>&nbsp;&nbsp;&nbsp;Pro_modbus
<LI><a href="#[11c]">&gt;&gt;</a>&nbsp;&nbsp;&nbsp;APP_update_freq_output
<LI><a href="#[24e]">&gt;&gt;</a>&nbsp;&nbsp;&nbsp;calc_total_flowN
<LI><a href="#[24c]">&gt;&gt;</a>&nbsp;&nbsp;&nbsp;calc_total_flow
<LI><a href="#[246]">&gt;&gt;</a>&nbsp;&nbsp;&nbsp;calc_s1_current_flow
<LI><a href="#[27]">&gt;&gt;</a>&nbsp;&nbsp;&nbsp;device_comps_task_handle
<LI><a href="#[247]">&gt;&gt;</a>&nbsp;&nbsp;&nbsp;f_mul
<LI><a href="#[135]">&gt;&gt;</a>&nbsp;&nbsp;&nbsp;f_mul
<LI><a href="#[192]">&gt;&gt;</a>&nbsp;&nbsp;&nbsp;encapsulate_self_pack
<LI><a href="#[184]">&gt;&gt;</a>&nbsp;&nbsp;&nbsp;DealDownCmd
<LI><a href="#[2b7]">&gt;&gt;</a>&nbsp;&nbsp;&nbsp;f_mul
<LI><a href="#[5c]">&gt;&gt;</a>&nbsp;&nbsp;&nbsp;cal_modify_mode_on_m_key
<LI><a href="#[23f]">&gt;&gt;</a>&nbsp;&nbsp;&nbsp;get_float_disp_coded_num
<LI><a href="#[263]">&gt;&gt;</a>&nbsp;&nbsp;&nbsp;get_float_disp_num
<LI><a href="#[27c]">&gt;&gt;</a>&nbsp;&nbsp;&nbsp;display_current_totalN
<LI><a href="#[235]">&gt;&gt;</a>&nbsp;&nbsp;&nbsp;f_mul
</UL>

<P><STRONG><a name="[e0]"></a>__aeabi_fdiv</STRONG> (Thumb, 124 bytes, Stack size 16 bytes, fdiv.o(.text))
<BR><BR>[Stack]<UL><LI>Max Depth = 16<LI>Call Chain = __aeabi_fdiv
</UL>
<BR>[Calls]<UL><LI><a href="#[dd]">&gt;&gt;</a>&nbsp;&nbsp;&nbsp;_float_round
</UL>
<BR>[Called By]<UL><LI><a href="#[16f]">&gt;&gt;</a>&nbsp;&nbsp;&nbsp;Uart_Init
<LI><a href="#[15d]">&gt;&gt;</a>&nbsp;&nbsp;&nbsp;LPUart_Init
<LI><a href="#[1d8]">&gt;&gt;</a>&nbsp;&nbsp;&nbsp;f_div
<LI><a href="#[180]">&gt;&gt;</a>&nbsp;&nbsp;&nbsp;Pro_modbus
<LI><a href="#[11c]">&gt;&gt;</a>&nbsp;&nbsp;&nbsp;APP_update_freq_output
<LI><a href="#[24e]">&gt;&gt;</a>&nbsp;&nbsp;&nbsp;calc_total_flowN
<LI><a href="#[246]">&gt;&gt;</a>&nbsp;&nbsp;&nbsp;calc_s1_current_flow
<LI><a href="#[24a]">&gt;&gt;</a>&nbsp;&nbsp;&nbsp;calc_s1_freq
<LI><a href="#[244]">&gt;&gt;</a>&nbsp;&nbsp;&nbsp;f_div
<LI><a href="#[134]">&gt;&gt;</a>&nbsp;&nbsp;&nbsp;f_div
<LI><a href="#[71]">&gt;&gt;</a>&nbsp;&nbsp;&nbsp;sci_send_msg
<LI><a href="#[23b]">&gt;&gt;</a>&nbsp;&nbsp;&nbsp;f_div
<LI><a href="#[5a]">&gt;&gt;</a>&nbsp;&nbsp;&nbsp;cal_query_mode_display
<LI><a href="#[27c]">&gt;&gt;</a>&nbsp;&nbsp;&nbsp;display_current_totalN
<LI><a href="#[234]">&gt;&gt;</a>&nbsp;&nbsp;&nbsp;f_div
</UL>

<P><STRONG><a name="[e1]"></a>__aeabi_dmul</STRONG> (Thumb, 202 bytes, Stack size 72 bytes, dmul.o(.text))
<BR><BR>[Stack]<UL><LI>Max Depth = 128<LI>Call Chain = __aeabi_dmul &rArr; _double_epilogue &rArr; __aeabi_llsl
</UL>
<BR>[Calls]<UL><LI><a href="#[e2]">&gt;&gt;</a>&nbsp;&nbsp;&nbsp;_double_epilogue
</UL>
<BR>[Called By]<UL><LI><a href="#[249]">&gt;&gt;</a>&nbsp;&nbsp;&nbsp;calc_s1_current_flowN
<LI><a href="#[242]">&gt;&gt;</a>&nbsp;&nbsp;&nbsp;calc_current_v
<LI><a href="#[f2]">&gt;&gt;</a>&nbsp;&nbsp;&nbsp;_fp_value
<LI><a href="#[331]">&gt;&gt;</a>&nbsp;&nbsp;&nbsp;_fp_digits
</UL>

<P><STRONG><a name="[e3]"></a>__aeabi_ddiv</STRONG> (Thumb, 234 bytes, Stack size 40 bytes, ddiv.o(.text))
<BR><BR>[Stack]<UL><LI>Max Depth = 48<LI>Call Chain = __aeabi_ddiv &rArr; _double_round
</UL>
<BR>[Calls]<UL><LI><a href="#[e4]">&gt;&gt;</a>&nbsp;&nbsp;&nbsp;_double_round
</UL>
<BR>[Called By]<UL><LI><a href="#[249]">&gt;&gt;</a>&nbsp;&nbsp;&nbsp;calc_s1_current_flowN
<LI><a href="#[27]">&gt;&gt;</a>&nbsp;&nbsp;&nbsp;device_comps_task_handle
<LI><a href="#[f2]">&gt;&gt;</a>&nbsp;&nbsp;&nbsp;_fp_value
<LI><a href="#[331]">&gt;&gt;</a>&nbsp;&nbsp;&nbsp;_fp_digits
</UL>

<P><STRONG><a name="[248]"></a>__aeabi_fcmple</STRONG> (Thumb, 28 bytes, Stack size 0 bytes, fcmple.o(.text))
<BR><BR>[Called By]<UL><LI><a href="#[246]">&gt;&gt;</a>&nbsp;&nbsp;&nbsp;calc_s1_current_flow
<LI><a href="#[27]">&gt;&gt;</a>&nbsp;&nbsp;&nbsp;device_comps_task_handle
</UL>

<P><STRONG><a name="[24d]"></a>__aeabi_fcmplt</STRONG> (Thumb, 28 bytes, Stack size 0 bytes, fcmplt.o(.text))
<BR><BR>[Called By]<UL><LI><a href="#[24e]">&gt;&gt;</a>&nbsp;&nbsp;&nbsp;calc_total_flowN
<LI><a href="#[24c]">&gt;&gt;</a>&nbsp;&nbsp;&nbsp;calc_total_flow
</UL>

<P><STRONG><a name="[11f]"></a>__aeabi_fcmpge</STRONG> (Thumb, 28 bytes, Stack size 0 bytes, fcmpge.o(.text))
<BR><BR>[Called By]<UL><LI><a href="#[11c]">&gt;&gt;</a>&nbsp;&nbsp;&nbsp;APP_update_freq_output
<LI><a href="#[b]">&gt;&gt;</a>&nbsp;&nbsp;&nbsp;get_flow_meter_unit_display_value
<LI><a href="#[23f]">&gt;&gt;</a>&nbsp;&nbsp;&nbsp;get_float_disp_coded_num
<LI><a href="#[263]">&gt;&gt;</a>&nbsp;&nbsp;&nbsp;get_float_disp_num
</UL>

<P><STRONG><a name="[11e]"></a>__aeabi_dcmpge</STRONG> (Thumb, 44 bytes, Stack size 8 bytes, dcmpge.o(.text))
<BR><BR>[Stack]<UL><LI>Max Depth = 8<LI>Call Chain = __aeabi_dcmpge
</UL>
<BR>[Called By]<UL><LI><a href="#[11c]">&gt;&gt;</a>&nbsp;&nbsp;&nbsp;APP_update_freq_output
<LI><a href="#[24c]">&gt;&gt;</a>&nbsp;&nbsp;&nbsp;calc_total_flow
<LI><a href="#[be]">&gt;&gt;</a>&nbsp;&nbsp;&nbsp;sci_fsm_radar_get_measure_data_ack_ok_callback
<LI><a href="#[263]">&gt;&gt;</a>&nbsp;&nbsp;&nbsp;get_float_disp_num
</UL>

<P><STRONG><a name="[e5]"></a>__aeabi_i2f</STRONG> (Thumb, 22 bytes, Stack size 8 bytes, fflti.o(.text))
<BR><BR>[Stack]<UL><LI>Max Depth = 20<LI>Call Chain = __aeabi_i2f &rArr; _float_epilogue
</UL>
<BR>[Calls]<UL><LI><a href="#[dc]">&gt;&gt;</a>&nbsp;&nbsp;&nbsp;_float_epilogue
</UL>
<BR>[Called By]<UL><LI><a href="#[180]">&gt;&gt;</a>&nbsp;&nbsp;&nbsp;Pro_modbus
<LI><a href="#[24e]">&gt;&gt;</a>&nbsp;&nbsp;&nbsp;calc_total_flowN
<LI><a href="#[249]">&gt;&gt;</a>&nbsp;&nbsp;&nbsp;calc_s1_current_flowN
<LI><a href="#[24c]">&gt;&gt;</a>&nbsp;&nbsp;&nbsp;calc_total_flow
<LI><a href="#[242]">&gt;&gt;</a>&nbsp;&nbsp;&nbsp;calc_current_v
<LI><a href="#[246]">&gt;&gt;</a>&nbsp;&nbsp;&nbsp;calc_s1_current_flow
<LI><a href="#[24a]">&gt;&gt;</a>&nbsp;&nbsp;&nbsp;calc_s1_freq
<LI><a href="#[27]">&gt;&gt;</a>&nbsp;&nbsp;&nbsp;device_comps_task_handle
<LI><a href="#[b]">&gt;&gt;</a>&nbsp;&nbsp;&nbsp;get_flow_meter_unit_display_value
<LI><a href="#[232]">&gt;&gt;</a>&nbsp;&nbsp;&nbsp;add_measure_data
<LI><a href="#[132]">&gt;&gt;</a>&nbsp;&nbsp;&nbsp;AddPressInfo
<LI><a href="#[192]">&gt;&gt;</a>&nbsp;&nbsp;&nbsp;encapsulate_self_pack
<LI><a href="#[65]">&gt;&gt;</a>&nbsp;&nbsp;&nbsp;param_modify_mode_on_m_key
<LI><a href="#[5c]">&gt;&gt;</a>&nbsp;&nbsp;&nbsp;cal_modify_mode_on_m_key
<LI><a href="#[23f]">&gt;&gt;</a>&nbsp;&nbsp;&nbsp;get_float_disp_coded_num
<LI><a href="#[5a]">&gt;&gt;</a>&nbsp;&nbsp;&nbsp;cal_query_mode_display
<LI><a href="#[263]">&gt;&gt;</a>&nbsp;&nbsp;&nbsp;get_float_disp_num
</UL>

<P><STRONG><a name="[e6]"></a>__aeabi_ui2f</STRONG> (Thumb, 14 bytes, Stack size 8 bytes, ffltui.o(.text))
<BR><BR>[Stack]<UL><LI>Max Depth = 20<LI>Call Chain = __aeabi_ui2f &rArr; _float_epilogue
</UL>
<BR>[Calls]<UL><LI><a href="#[dc]">&gt;&gt;</a>&nbsp;&nbsp;&nbsp;_float_epilogue
</UL>
<BR>[Called By]<UL><LI><a href="#[16f]">&gt;&gt;</a>&nbsp;&nbsp;&nbsp;Uart_Init
<LI><a href="#[15d]">&gt;&gt;</a>&nbsp;&nbsp;&nbsp;LPUart_Init
<LI><a href="#[180]">&gt;&gt;</a>&nbsp;&nbsp;&nbsp;Pro_modbus
<LI><a href="#[11c]">&gt;&gt;</a>&nbsp;&nbsp;&nbsp;APP_update_freq_output
<LI><a href="#[24e]">&gt;&gt;</a>&nbsp;&nbsp;&nbsp;calc_total_flowN
<LI><a href="#[71]">&gt;&gt;</a>&nbsp;&nbsp;&nbsp;sci_send_msg
</UL>

<P><STRONG><a name="[e7]"></a>__aeabi_i2d</STRONG> (Thumb, 34 bytes, Stack size 16 bytes, dflti.o(.text))
<BR><BR>[Stack]<UL><LI>Max Depth = 72<LI>Call Chain = __aeabi_i2d &rArr; _double_epilogue &rArr; __aeabi_llsl
</UL>
<BR>[Calls]<UL><LI><a href="#[e2]">&gt;&gt;</a>&nbsp;&nbsp;&nbsp;_double_epilogue
</UL>
<BR>[Called By]<UL><LI><a href="#[249]">&gt;&gt;</a>&nbsp;&nbsp;&nbsp;calc_s1_current_flowN
<LI><a href="#[242]">&gt;&gt;</a>&nbsp;&nbsp;&nbsp;calc_current_v
<LI><a href="#[263]">&gt;&gt;</a>&nbsp;&nbsp;&nbsp;get_float_disp_num
</UL>

<P><STRONG><a name="[186]"></a>__aeabi_f2iz</STRONG> (Thumb, 50 bytes, Stack size 0 bytes, ffixi.o(.text))
<BR><BR>[Called By]<UL><LI><a href="#[16f]">&gt;&gt;</a>&nbsp;&nbsp;&nbsp;Uart_Init
<LI><a href="#[15d]">&gt;&gt;</a>&nbsp;&nbsp;&nbsp;LPUart_Init
<LI><a href="#[180]">&gt;&gt;</a>&nbsp;&nbsp;&nbsp;Pro_modbus
<LI><a href="#[24e]">&gt;&gt;</a>&nbsp;&nbsp;&nbsp;calc_total_flowN
<LI><a href="#[24c]">&gt;&gt;</a>&nbsp;&nbsp;&nbsp;calc_total_flow
<LI><a href="#[242]">&gt;&gt;</a>&nbsp;&nbsp;&nbsp;calc_current_v
<LI><a href="#[246]">&gt;&gt;</a>&nbsp;&nbsp;&nbsp;calc_s1_current_flow
<LI><a href="#[27]">&gt;&gt;</a>&nbsp;&nbsp;&nbsp;device_comps_task_handle
<LI><a href="#[b]">&gt;&gt;</a>&nbsp;&nbsp;&nbsp;get_flow_meter_unit_display_value
<LI><a href="#[232]">&gt;&gt;</a>&nbsp;&nbsp;&nbsp;add_measure_data
<LI><a href="#[192]">&gt;&gt;</a>&nbsp;&nbsp;&nbsp;encapsulate_self_pack
<LI><a href="#[184]">&gt;&gt;</a>&nbsp;&nbsp;&nbsp;DealDownCmd
<LI><a href="#[63]">&gt;&gt;</a>&nbsp;&nbsp;&nbsp;param_query_mode_display
<LI><a href="#[5c]">&gt;&gt;</a>&nbsp;&nbsp;&nbsp;cal_modify_mode_on_m_key
<LI><a href="#[23f]">&gt;&gt;</a>&nbsp;&nbsp;&nbsp;get_float_disp_coded_num
<LI><a href="#[263]">&gt;&gt;</a>&nbsp;&nbsp;&nbsp;get_float_disp_num
</UL>

<P><STRONG><a name="[121]"></a>__aeabi_f2uiz</STRONG> (Thumb, 40 bytes, Stack size 0 bytes, ffixui.o(.text))
<BR><BR>[Called By]<UL><LI><a href="#[11c]">&gt;&gt;</a>&nbsp;&nbsp;&nbsp;APP_update_freq_output
<LI><a href="#[24e]">&gt;&gt;</a>&nbsp;&nbsp;&nbsp;calc_total_flowN
<LI><a href="#[27c]">&gt;&gt;</a>&nbsp;&nbsp;&nbsp;display_current_totalN
</UL>

<P><STRONG><a name="[e8]"></a>__aeabi_d2iz</STRONG> (Thumb, 62 bytes, Stack size 16 bytes, dfixi.o(.text))
<BR><BR>[Stack]<UL><LI>Max Depth = 24<LI>Call Chain = __aeabi_d2iz &rArr; __aeabi_llsr
</UL>
<BR>[Calls]<UL><LI><a href="#[e9]">&gt;&gt;</a>&nbsp;&nbsp;&nbsp;__aeabi_llsr
</UL>
<BR>[Called By]<UL><LI><a href="#[249]">&gt;&gt;</a>&nbsp;&nbsp;&nbsp;calc_s1_current_flowN
<LI><a href="#[27]">&gt;&gt;</a>&nbsp;&nbsp;&nbsp;device_comps_task_handle
</UL>

<P><STRONG><a name="[11d]"></a>__aeabi_f2d</STRONG> (Thumb, 40 bytes, Stack size 0 bytes, f2d.o(.text))
<BR><BR>[Called By]<UL><LI><a href="#[11c]">&gt;&gt;</a>&nbsp;&nbsp;&nbsp;APP_update_freq_output
<LI><a href="#[249]">&gt;&gt;</a>&nbsp;&nbsp;&nbsp;calc_s1_current_flowN
<LI><a href="#[24c]">&gt;&gt;</a>&nbsp;&nbsp;&nbsp;calc_total_flow
<LI><a href="#[27]">&gt;&gt;</a>&nbsp;&nbsp;&nbsp;device_comps_task_handle
<LI><a href="#[132]">&gt;&gt;</a>&nbsp;&nbsp;&nbsp;AddPressInfo
<LI><a href="#[192]">&gt;&gt;</a>&nbsp;&nbsp;&nbsp;encapsulate_self_pack
<LI><a href="#[be]">&gt;&gt;</a>&nbsp;&nbsp;&nbsp;sci_fsm_radar_get_measure_data_ack_ok_callback
<LI><a href="#[23f]">&gt;&gt;</a>&nbsp;&nbsp;&nbsp;get_float_disp_coded_num
<LI><a href="#[263]">&gt;&gt;</a>&nbsp;&nbsp;&nbsp;get_float_disp_num
</UL>

<P><STRONG><a name="[ea]"></a>__aeabi_d2f</STRONG> (Thumb, 56 bytes, Stack size 8 bytes, d2f.o(.text))
<BR><BR>[Stack]<UL><LI>Max Depth = 8<LI>Call Chain = __aeabi_d2f
</UL>
<BR>[Calls]<UL><LI><a href="#[dd]">&gt;&gt;</a>&nbsp;&nbsp;&nbsp;_float_round
</UL>
<BR>[Called By]<UL><LI><a href="#[242]">&gt;&gt;</a>&nbsp;&nbsp;&nbsp;calc_current_v
<LI><a href="#[23f]">&gt;&gt;</a>&nbsp;&nbsp;&nbsp;get_float_disp_coded_num
<LI><a href="#[f4]">&gt;&gt;</a>&nbsp;&nbsp;&nbsp;_scanf_really_real
</UL>

<P><STRONG><a name="[1b0]"></a>__aeabi_uidiv</STRONG> (Thumb, 0 bytes, Stack size 16 bytes, uidiv_div0.o(.text))
<BR><BR>[Stack]<UL><LI>Max Depth = 16<LI>Call Chain = __aeabi_uidiv
</UL>
<BR>[Called By]<UL><LI><a href="#[12c]">&gt;&gt;</a>&nbsp;&nbsp;&nbsp;delay10us
<LI><a href="#[147]">&gt;&gt;</a>&nbsp;&nbsp;&nbsp;delay1ms
<LI><a href="#[229]">&gt;&gt;</a>&nbsp;&nbsp;&nbsp;get_batt
<LI><a href="#[27]">&gt;&gt;</a>&nbsp;&nbsp;&nbsp;device_comps_task_handle
<LI><a href="#[158]">&gt;&gt;</a>&nbsp;&nbsp;&nbsp;I2C_Init
<LI><a href="#[2d2]">&gt;&gt;</a>&nbsp;&nbsp;&nbsp;load_lora_cfg_data_to_buf
<LI><a href="#[232]">&gt;&gt;</a>&nbsp;&nbsp;&nbsp;add_measure_data
<LI><a href="#[200]">&gt;&gt;</a>&nbsp;&nbsp;&nbsp;Srv_GSM
<LI><a href="#[6a]">&gt;&gt;</a>&nbsp;&nbsp;&nbsp;report_mode_display
</UL>

<P><STRONG><a name="[eb]"></a>__aeabi_uidivmod</STRONG> (Thumb, 62 bytes, Stack size 16 bytes, uidiv_div0.o(.text))
<BR><BR>[Stack]<UL><LI>Max Depth = 16<LI>Call Chain = __aeabi_uidivmod
</UL>
<BR>[Called By]<UL><LI><a href="#[24a]">&gt;&gt;</a>&nbsp;&nbsp;&nbsp;calc_s1_freq
<LI><a href="#[27]">&gt;&gt;</a>&nbsp;&nbsp;&nbsp;device_comps_task_handle
<LI><a href="#[200]">&gt;&gt;</a>&nbsp;&nbsp;&nbsp;Srv_GSM
<LI><a href="#[6a]">&gt;&gt;</a>&nbsp;&nbsp;&nbsp;report_mode_display
<LI><a href="#[66]">&gt;&gt;</a>&nbsp;&nbsp;&nbsp;param_modify_mode_on_j_key
<LI><a href="#[5d]">&gt;&gt;</a>&nbsp;&nbsp;&nbsp;cal_modify_mode_on_j_key
<LI><a href="#[52]">&gt;&gt;</a>&nbsp;&nbsp;&nbsp;pwd_mode_on_j_key
<LI><a href="#[cf]">&gt;&gt;</a>&nbsp;&nbsp;&nbsp;_localtime
<LI><a href="#[ce]">&gt;&gt;</a>&nbsp;&nbsp;&nbsp;__aeabi_idivmod
<LI><a href="#[32f]">&gt;&gt;</a>&nbsp;&nbsp;&nbsp;_printf_core
</UL>

<P><STRONG><a name="[205]"></a>__aeabi_idiv</STRONG> (Thumb, 0 bytes, Stack size 16 bytes, idiv_div0.o(.text))
<BR><BR>[Stack]<UL><LI>Max Depth = 16<LI>Call Chain = __aeabi_idiv
</UL>
<BR>[Called By]<UL><LI><a href="#[1d0]">&gt;&gt;</a>&nbsp;&nbsp;&nbsp;formatData4fixDot
<LI><a href="#[241]">&gt;&gt;</a>&nbsp;&nbsp;&nbsp;calc_4_20ma_output
<LI><a href="#[24e]">&gt;&gt;</a>&nbsp;&nbsp;&nbsp;calc_total_flowN
<LI><a href="#[24c]">&gt;&gt;</a>&nbsp;&nbsp;&nbsp;calc_total_flow
<LI><a href="#[27]">&gt;&gt;</a>&nbsp;&nbsp;&nbsp;device_comps_task_handle
<LI><a href="#[c]">&gt;&gt;</a>&nbsp;&nbsp;&nbsp;start_out_pluse
<LI><a href="#[b]">&gt;&gt;</a>&nbsp;&nbsp;&nbsp;get_flow_meter_unit_display_value
<LI><a href="#[231]">&gt;&gt;</a>&nbsp;&nbsp;&nbsp;formatAd
<LI><a href="#[200]">&gt;&gt;</a>&nbsp;&nbsp;&nbsp;Srv_GSM
<LI><a href="#[6a]">&gt;&gt;</a>&nbsp;&nbsp;&nbsp;report_mode_display
<LI><a href="#[65]">&gt;&gt;</a>&nbsp;&nbsp;&nbsp;param_modify_mode_on_m_key
<LI><a href="#[63]">&gt;&gt;</a>&nbsp;&nbsp;&nbsp;param_query_mode_display
<LI><a href="#[240]">&gt;&gt;</a>&nbsp;&nbsp;&nbsp;calc_seg_value
<LI><a href="#[279]">&gt;&gt;</a>&nbsp;&nbsp;&nbsp;display_current_temp
<LI><a href="#[275]">&gt;&gt;</a>&nbsp;&nbsp;&nbsp;display_current_flow_N
<LI><a href="#[273]">&gt;&gt;</a>&nbsp;&nbsp;&nbsp;display_current_flow
<LI><a href="#[276]">&gt;&gt;</a>&nbsp;&nbsp;&nbsp;display_current_press
<LI><a href="#[236]">&gt;&gt;</a>&nbsp;&nbsp;&nbsp;display_opt
</UL>

<P><STRONG><a name="[ce]"></a>__aeabi_idivmod</STRONG> (Thumb, 74 bytes, Stack size 16 bytes, idiv_div0.o(.text))
<BR><BR>[Stack]<UL><LI>Max Depth = 32<LI>Call Chain = __aeabi_idivmod &rArr; __aeabi_uidivmod
</UL>
<BR>[Calls]<UL><LI><a href="#[eb]">&gt;&gt;</a>&nbsp;&nbsp;&nbsp;__aeabi_uidivmod
</UL>
<BR>[Called By]<UL><LI><a href="#[2f0]">&gt;&gt;</a>&nbsp;&nbsp;&nbsp;wifi_com_rx_byte_isr
<LI><a href="#[131]">&gt;&gt;</a>&nbsp;&nbsp;&nbsp;AddGpsLoc
<LI><a href="#[192]">&gt;&gt;</a>&nbsp;&nbsp;&nbsp;encapsulate_self_pack
<LI><a href="#[6a]">&gt;&gt;</a>&nbsp;&nbsp;&nbsp;report_mode_display
<LI><a href="#[65]">&gt;&gt;</a>&nbsp;&nbsp;&nbsp;param_modify_mode_on_m_key
<LI><a href="#[64]">&gt;&gt;</a>&nbsp;&nbsp;&nbsp;param_modify_mode_on_s_key
<LI><a href="#[5c]">&gt;&gt;</a>&nbsp;&nbsp;&nbsp;cal_modify_mode_on_m_key
<LI><a href="#[5b]">&gt;&gt;</a>&nbsp;&nbsp;&nbsp;cal_modify_mode_on_s_key
<LI><a href="#[50]">&gt;&gt;</a>&nbsp;&nbsp;&nbsp;pwd_mode_on_s_key
<LI><a href="#[240]">&gt;&gt;</a>&nbsp;&nbsp;&nbsp;calc_seg_value
<LI><a href="#[236]">&gt;&gt;</a>&nbsp;&nbsp;&nbsp;display_opt
<LI><a href="#[cd]">&gt;&gt;</a>&nbsp;&nbsp;&nbsp;mktime
<LI><a href="#[254]">&gt;&gt;</a>&nbsp;&nbsp;&nbsp;pop_line
</UL>

<P><STRONG><a name="[cc]"></a>__aeabi_uldivmod</STRONG> (Thumb, 96 bytes, Stack size 48 bytes, uldiv.o(.text))
<BR><BR>[Stack]<UL><LI>Max Depth = 56<LI>Call Chain = __aeabi_uldivmod &rArr; __aeabi_llsl
</UL>
<BR>[Calls]<UL><LI><a href="#[ec]">&gt;&gt;</a>&nbsp;&nbsp;&nbsp;__aeabi_llsl
<LI><a href="#[e9]">&gt;&gt;</a>&nbsp;&nbsp;&nbsp;__aeabi_llsr
</UL>
<BR>[Called By]<UL><LI><a href="#[32f]">&gt;&gt;</a>&nbsp;&nbsp;&nbsp;_printf_core
<LI><a href="#[331]">&gt;&gt;</a>&nbsp;&nbsp;&nbsp;_fp_digits
<LI><a href="#[cb]">&gt;&gt;</a>&nbsp;&nbsp;&nbsp;__aeabi_ldivmod
</UL>

<P><STRONG><a name="[e9]"></a>__aeabi_llsr</STRONG> (Thumb, 34 bytes, Stack size 8 bytes, llushr.o(.text))
<BR><BR>[Stack]<UL><LI>Max Depth = 8<LI>Call Chain = __aeabi_llsr
</UL>
<BR>[Called By]<UL><LI><a href="#[e8]">&gt;&gt;</a>&nbsp;&nbsp;&nbsp;__aeabi_d2iz
<LI><a href="#[cc]">&gt;&gt;</a>&nbsp;&nbsp;&nbsp;__aeabi_uldivmod
<LI><a href="#[e2]">&gt;&gt;</a>&nbsp;&nbsp;&nbsp;_double_epilogue
<LI><a href="#[fe]">&gt;&gt;</a>&nbsp;&nbsp;&nbsp;__aeabi_d2ulz
</UL>

<P><STRONG><a name="[340]"></a>_ll_ushift_r</STRONG> (Thumb, 0 bytes, Stack size 8 bytes, llushr.o(.text), UNUSED)

<P><STRONG><a name="[d6]"></a>__rt_ctype_table</STRONG> (Thumb, 4 bytes, Stack size 0 bytes, ctype_o.o(.text))
<BR><BR>[Called By]<UL><LI><a href="#[a6]">&gt;&gt;</a>&nbsp;&nbsp;&nbsp;isspace
<LI><a href="#[d5]">&gt;&gt;</a>&nbsp;&nbsp;&nbsp;strtol
</UL>

<P><STRONG><a name="[a6]"></a>isspace</STRONG> (Thumb, 18 bytes, Stack size 8 bytes, isspace_o.o(.text))
<BR><BR>[Stack]<UL><LI>Max Depth = 8<LI>Call Chain = isspace
</UL>
<BR>[Calls]<UL><LI><a href="#[d6]">&gt;&gt;</a>&nbsp;&nbsp;&nbsp;__rt_ctype_table
</UL>
<BR>[Address Reference Count : 2]<UL><LI> scanf_char.o(.text)
<LI> strtod.o(.text)
</UL>
<P><STRONG><a name="[ed]"></a>localtime</STRONG> (Thumb, 10 bytes, Stack size 8 bytes, localtime_w.o(.text))
<BR><BR>[Stack]<UL><LI>Max Depth = 40<LI>Call Chain = localtime &rArr; _localtime &rArr; __aeabi_uidivmod
</UL>
<BR>[Calls]<UL><LI><a href="#[cf]">&gt;&gt;</a>&nbsp;&nbsp;&nbsp;_localtime
</UL>
<BR>[Called By]<UL><LI><a href="#[103]">&gt;&gt;</a>&nbsp;&nbsp;&nbsp;$Super$$main
</UL>

<P><STRONG><a name="[cf]"></a>_localtime</STRONG> (Thumb, 104 bytes, Stack size 16 bytes, localtime_i.o(.text))
<BR><BR>[Stack]<UL><LI>Max Depth = 32<LI>Call Chain = _localtime &rArr; __aeabi_uidivmod
</UL>
<BR>[Calls]<UL><LI><a href="#[eb]">&gt;&gt;</a>&nbsp;&nbsp;&nbsp;__aeabi_uidivmod
</UL>
<BR>[Called By]<UL><LI><a href="#[ed]">&gt;&gt;</a>&nbsp;&nbsp;&nbsp;localtime
<LI><a href="#[cd]">&gt;&gt;</a>&nbsp;&nbsp;&nbsp;mktime
</UL>

<P><STRONG><a name="[ee]"></a>_scanf_longlong</STRONG> (Thumb, 330 bytes, Stack size 56 bytes, _scanf_longlong.o(.text))
<BR><BR>[Stack]<UL><LI>Max Depth = 68<LI>Call Chain = _scanf_longlong &rArr; __aeabi_lmul
</UL>
<BR>[Calls]<UL><LI><a href="#[f0]">&gt;&gt;</a>&nbsp;&nbsp;&nbsp;_chval
<LI><a href="#[ef]">&gt;&gt;</a>&nbsp;&nbsp;&nbsp;__aeabi_lmul
</UL>
<BR>[Called By]<UL><LI><a href="#[f6]">&gt;&gt;</a>&nbsp;&nbsp;&nbsp;__vfscanf
</UL>

<P><STRONG><a name="[f1]"></a>_scanf_int</STRONG> (Thumb, 330 bytes, Stack size 48 bytes, _scanf_int.o(.text))
<BR><BR>[Stack]<UL><LI>Max Depth = 48<LI>Call Chain = _scanf_int
</UL>
<BR>[Calls]<UL><LI><a href="#[f0]">&gt;&gt;</a>&nbsp;&nbsp;&nbsp;_chval
</UL>
<BR>[Called By]<UL><LI><a href="#[f6]">&gt;&gt;</a>&nbsp;&nbsp;&nbsp;__vfscanf
</UL>

<P><STRONG><a name="[101]"></a>_scanf_string</STRONG> (Thumb, 232 bytes, Stack size 48 bytes, _scanf_str.o(.text))
<BR><BR>[Stack]<UL><LI>Max Depth = 48<LI>Call Chain = _scanf_string
</UL>
<BR>[Called By]<UL><LI><a href="#[f6]">&gt;&gt;</a>&nbsp;&nbsp;&nbsp;__vfscanf
</UL>

<P><STRONG><a name="[100]"></a>_scanf_real</STRONG> (Thumb, 0 bytes, Stack size 104 bytes, scanf_fp.o(.text))
<BR><BR>[Stack]<UL><LI>Max Depth = 104<LI>Call Chain = _scanf_real
</UL>
<BR>[Called By]<UL><LI><a href="#[102]">&gt;&gt;</a>&nbsp;&nbsp;&nbsp;_local_sscanf
<LI><a href="#[f6]">&gt;&gt;</a>&nbsp;&nbsp;&nbsp;__vfscanf
</UL>

<P><STRONG><a name="[f4]"></a>_scanf_really_real</STRONG> (Thumb, 584 bytes, Stack size 104 bytes, scanf_fp.o(.text), UNUSED)
<BR><BR>[Calls]<UL><LI><a href="#[ea]">&gt;&gt;</a>&nbsp;&nbsp;&nbsp;__aeabi_d2f
<LI><a href="#[f5]">&gt;&gt;</a>&nbsp;&nbsp;&nbsp;_is_digit
<LI><a href="#[f2]">&gt;&gt;</a>&nbsp;&nbsp;&nbsp;_fp_value
</UL>

<P><STRONG><a name="[d4]"></a>__vfscanf_char</STRONG> (Thumb, 24 bytes, Stack size 8 bytes, scanf_char.o(.text))
<BR><BR>[Stack]<UL><LI>Max Depth = 192<LI>Call Chain = __vfscanf_char &rArr; __vfscanf &rArr; _scanf_real
</UL>
<BR>[Calls]<UL><LI><a href="#[f6]">&gt;&gt;</a>&nbsp;&nbsp;&nbsp;__vfscanf
</UL>
<BR>[Called By]<UL><LI><a href="#[d3]">&gt;&gt;</a>&nbsp;&nbsp;&nbsp;sscanf
</UL>

<P><STRONG><a name="[a3]"></a>_sgetc</STRONG> (Thumb, 32 bytes, Stack size 0 bytes, _sgetc.o(.text))
<BR>[Address Reference Count : 2]<UL><LI> sscanf.o(.text)
<LI> strtod.o(.text)
</UL>
<P><STRONG><a name="[a4]"></a>_sbackspace</STRONG> (Thumb, 36 bytes, Stack size 0 bytes, _sgetc.o(.text))
<BR>[Address Reference Count : 2]<UL><LI> sscanf.o(.text)
<LI> strtod.o(.text)
</UL>
<P><STRONG><a name="[d7]"></a>_strtoul</STRONG> (Thumb, 166 bytes, Stack size 40 bytes, _strtoul.o(.text))
<BR><BR>[Stack]<UL><LI>Max Depth = 40<LI>Call Chain = _strtoul
</UL>
<BR>[Calls]<UL><LI><a href="#[f0]">&gt;&gt;</a>&nbsp;&nbsp;&nbsp;_chval
<LI><a href="#[d8]">&gt;&gt;</a>&nbsp;&nbsp;&nbsp;__aeabi_errno_addr
</UL>
<BR>[Called By]<UL><LI><a href="#[d5]">&gt;&gt;</a>&nbsp;&nbsp;&nbsp;strtol
</UL>

<P><STRONG><a name="[f7]"></a>__strtof_int</STRONG> (Thumb, 12 bytes, Stack size 8 bytes, strtof.o(.text))
<BR><BR>[Stack]<UL><LI>Max Depth = 208<LI>Call Chain = __strtof_int &rArr; __strtod_int &rArr; _local_sscanf &rArr; _scanf_real
</UL>
<BR>[Calls]<UL><LI><a href="#[f8]">&gt;&gt;</a>&nbsp;&nbsp;&nbsp;__strtod_int
</UL>
<BR>[Called By]<UL><LI><a href="#[185]">&gt;&gt;</a>&nbsp;&nbsp;&nbsp;strtof
</UL>

<P><STRONG><a name="[341]"></a>__I$use$fp</STRONG> (Thumb, 0 bytes, Stack size 0 bytes, iusefp.o(.text), UNUSED)

<P><STRONG><a name="[dd]"></a>_float_round</STRONG> (Thumb, 16 bytes, Stack size 0 bytes, fepilogue.o(.text))
<BR><BR>[Called By]<UL><LI><a href="#[db]">&gt;&gt;</a>&nbsp;&nbsp;&nbsp;__aeabi_fadd
<LI><a href="#[e0]">&gt;&gt;</a>&nbsp;&nbsp;&nbsp;__aeabi_fdiv
<LI><a href="#[ea]">&gt;&gt;</a>&nbsp;&nbsp;&nbsp;__aeabi_d2f
</UL>

<P><STRONG><a name="[dc]"></a>_float_epilogue</STRONG> (Thumb, 114 bytes, Stack size 12 bytes, fepilogue.o(.text))
<BR><BR>[Stack]<UL><LI>Max Depth = 12<LI>Call Chain = _float_epilogue
</UL>
<BR>[Called By]<UL><LI><a href="#[db]">&gt;&gt;</a>&nbsp;&nbsp;&nbsp;__aeabi_fadd
<LI><a href="#[e6]">&gt;&gt;</a>&nbsp;&nbsp;&nbsp;__aeabi_ui2f
<LI><a href="#[e5]">&gt;&gt;</a>&nbsp;&nbsp;&nbsp;__aeabi_i2f
</UL>

<P><STRONG><a name="[e4]"></a>_double_round</STRONG> (Thumb, 26 bytes, Stack size 8 bytes, depilogue.o(.text))
<BR><BR>[Stack]<UL><LI>Max Depth = 8<LI>Call Chain = _double_round
</UL>
<BR>[Called By]<UL><LI><a href="#[e3]">&gt;&gt;</a>&nbsp;&nbsp;&nbsp;__aeabi_ddiv
<LI><a href="#[e2]">&gt;&gt;</a>&nbsp;&nbsp;&nbsp;_double_epilogue
<LI><a href="#[fa]">&gt;&gt;</a>&nbsp;&nbsp;&nbsp;__aeabi_dadd
</UL>

<P><STRONG><a name="[e2]"></a>_double_epilogue</STRONG> (Thumb, 164 bytes, Stack size 48 bytes, depilogue.o(.text))
<BR><BR>[Stack]<UL><LI>Max Depth = 56<LI>Call Chain = _double_epilogue &rArr; __aeabi_llsl
</UL>
<BR>[Calls]<UL><LI><a href="#[ec]">&gt;&gt;</a>&nbsp;&nbsp;&nbsp;__aeabi_llsl
<LI><a href="#[f9]">&gt;&gt;</a>&nbsp;&nbsp;&nbsp;__ARM_clz
<LI><a href="#[e9]">&gt;&gt;</a>&nbsp;&nbsp;&nbsp;__aeabi_llsr
<LI><a href="#[e4]">&gt;&gt;</a>&nbsp;&nbsp;&nbsp;_double_round
</UL>
<BR>[Called By]<UL><LI><a href="#[e1]">&gt;&gt;</a>&nbsp;&nbsp;&nbsp;__aeabi_dmul
<LI><a href="#[e7]">&gt;&gt;</a>&nbsp;&nbsp;&nbsp;__aeabi_i2d
<LI><a href="#[f3]">&gt;&gt;</a>&nbsp;&nbsp;&nbsp;__aeabi_ul2d
<LI><a href="#[fa]">&gt;&gt;</a>&nbsp;&nbsp;&nbsp;__aeabi_dadd
</UL>

<P><STRONG><a name="[fa]"></a>__aeabi_dadd</STRONG> (Thumb, 328 bytes, Stack size 48 bytes, dadd.o(.text), UNUSED)
<BR><BR>[Calls]<UL><LI><a href="#[fb]">&gt;&gt;</a>&nbsp;&nbsp;&nbsp;__aeabi_lasr
<LI><a href="#[ec]">&gt;&gt;</a>&nbsp;&nbsp;&nbsp;__aeabi_llsl
<LI><a href="#[e4]">&gt;&gt;</a>&nbsp;&nbsp;&nbsp;_double_round
<LI><a href="#[e2]">&gt;&gt;</a>&nbsp;&nbsp;&nbsp;_double_epilogue
</UL>
<BR>[Called By]<UL><LI><a href="#[fd]">&gt;&gt;</a>&nbsp;&nbsp;&nbsp;__aeabi_drsub
<LI><a href="#[fc]">&gt;&gt;</a>&nbsp;&nbsp;&nbsp;__aeabi_dsub
<LI><a href="#[331]">&gt;&gt;</a>&nbsp;&nbsp;&nbsp;_fp_digits
</UL>

<P><STRONG><a name="[fc]"></a>__aeabi_dsub</STRONG> (Thumb, 12 bytes, Stack size 8 bytes, dadd.o(.text), UNUSED)
<BR><BR>[Calls]<UL><LI><a href="#[fa]">&gt;&gt;</a>&nbsp;&nbsp;&nbsp;__aeabi_dadd
</UL>

<P><STRONG><a name="[fd]"></a>__aeabi_drsub</STRONG> (Thumb, 12 bytes, Stack size 8 bytes, dadd.o(.text), UNUSED)
<BR><BR>[Calls]<UL><LI><a href="#[fa]">&gt;&gt;</a>&nbsp;&nbsp;&nbsp;__aeabi_dadd
</UL>

<P><STRONG><a name="[fe]"></a>__aeabi_d2ulz</STRONG> (Thumb, 54 bytes, Stack size 8 bytes, dfixul.o(.text), UNUSED)
<BR><BR>[Calls]<UL><LI><a href="#[ec]">&gt;&gt;</a>&nbsp;&nbsp;&nbsp;__aeabi_llsl
<LI><a href="#[e9]">&gt;&gt;</a>&nbsp;&nbsp;&nbsp;__aeabi_llsr
</UL>
<BR>[Called By]<UL><LI><a href="#[331]">&gt;&gt;</a>&nbsp;&nbsp;&nbsp;_fp_digits
</UL>

<P><STRONG><a name="[332]"></a>__aeabi_cdrcmple</STRONG> (Thumb, 38 bytes, Stack size 0 bytes, cdrcmple.o(.text), UNUSED)
<BR><BR>[Called By]<UL><LI><a href="#[331]">&gt;&gt;</a>&nbsp;&nbsp;&nbsp;_fp_digits
</UL>

<P><STRONG><a name="[ca]"></a>__scatterload</STRONG> (Thumb, 38 bytes, Stack size 0 bytes, init.o(.text))
<BR><BR>[Calls]<UL><LI><a href="#[ff]">&gt;&gt;</a>&nbsp;&nbsp;&nbsp;__main_after_scatterload
</UL>
<BR>[Called By]<UL><LI><a href="#[c9]">&gt;&gt;</a>&nbsp;&nbsp;&nbsp;_main_scatterload
</UL>

<P><STRONG><a name="[342]"></a>__scatterload_rt2</STRONG> (Thumb, 0 bytes, Stack size 0 bytes, init.o(.text), UNUSED)

<P><STRONG><a name="[ec]"></a>__aeabi_llsl</STRONG> (Thumb, 32 bytes, Stack size 8 bytes, llshl.o(.text))
<BR><BR>[Stack]<UL><LI>Max Depth = 8<LI>Call Chain = __aeabi_llsl
</UL>
<BR>[Called By]<UL><LI><a href="#[cc]">&gt;&gt;</a>&nbsp;&nbsp;&nbsp;__aeabi_uldivmod
<LI><a href="#[e2]">&gt;&gt;</a>&nbsp;&nbsp;&nbsp;_double_epilogue
<LI><a href="#[fa]">&gt;&gt;</a>&nbsp;&nbsp;&nbsp;__aeabi_dadd
<LI><a href="#[fe]">&gt;&gt;</a>&nbsp;&nbsp;&nbsp;__aeabi_d2ulz
</UL>

<P><STRONG><a name="[343]"></a>_ll_shift_l</STRONG> (Thumb, 0 bytes, Stack size 8 bytes, llshl.o(.text), UNUSED)

<P><STRONG><a name="[fb]"></a>__aeabi_lasr</STRONG> (Thumb, 38 bytes, Stack size 8 bytes, llsshr.o(.text), UNUSED)
<BR><BR>[Called By]<UL><LI><a href="#[fa]">&gt;&gt;</a>&nbsp;&nbsp;&nbsp;__aeabi_dadd
</UL>

<P><STRONG><a name="[344]"></a>_ll_sshift_r</STRONG> (Thumb, 0 bytes, Stack size 8 bytes, llsshr.o(.text), UNUSED)

<P><STRONG><a name="[f0]"></a>_chval</STRONG> (Thumb, 30 bytes, Stack size 0 bytes, _chval.o(.text))
<BR><BR>[Called By]<UL><LI><a href="#[d7]">&gt;&gt;</a>&nbsp;&nbsp;&nbsp;_strtoul
<LI><a href="#[f1]">&gt;&gt;</a>&nbsp;&nbsp;&nbsp;_scanf_int
<LI><a href="#[ee]">&gt;&gt;</a>&nbsp;&nbsp;&nbsp;_scanf_longlong
</UL>

<P><STRONG><a name="[f6]"></a>__vfscanf</STRONG> (Thumb, 812 bytes, Stack size 80 bytes, _scanf.o(.text))
<BR><BR>[Stack]<UL><LI>Max Depth = 184<LI>Call Chain = __vfscanf &rArr; _scanf_real
</UL>
<BR>[Calls]<UL><LI><a href="#[100]">&gt;&gt;</a>&nbsp;&nbsp;&nbsp;_scanf_real
<LI><a href="#[101]">&gt;&gt;</a>&nbsp;&nbsp;&nbsp;_scanf_string
<LI><a href="#[f1]">&gt;&gt;</a>&nbsp;&nbsp;&nbsp;_scanf_int
<LI><a href="#[ee]">&gt;&gt;</a>&nbsp;&nbsp;&nbsp;_scanf_longlong
</UL>
<BR>[Called By]<UL><LI><a href="#[d4]">&gt;&gt;</a>&nbsp;&nbsp;&nbsp;__vfscanf_char
</UL>

<P><STRONG><a name="[f8]"></a>__strtod_int</STRONG> (Thumb, 98 bytes, Stack size 40 bytes, strtod.o(.text))
<BR><BR>[Stack]<UL><LI>Max Depth = 200<LI>Call Chain = __strtod_int &rArr; _local_sscanf &rArr; _scanf_real
</UL>
<BR>[Calls]<UL><LI><a href="#[102]">&gt;&gt;</a>&nbsp;&nbsp;&nbsp;_local_sscanf
</UL>
<BR>[Called By]<UL><LI><a href="#[f7]">&gt;&gt;</a>&nbsp;&nbsp;&nbsp;__strtof_int
</UL>

<P><STRONG><a name="[f3]"></a>__aeabi_ul2d</STRONG> (Thumb, 22 bytes, Stack size 16 bytes, dfltul.o(.text), UNUSED)
<BR><BR>[Calls]<UL><LI><a href="#[e2]">&gt;&gt;</a>&nbsp;&nbsp;&nbsp;_double_epilogue
</UL>
<BR>[Called By]<UL><LI><a href="#[f2]">&gt;&gt;</a>&nbsp;&nbsp;&nbsp;_fp_value
</UL>

<P><STRONG><a name="[345]"></a>__decompress</STRONG> (Thumb, 0 bytes, Stack size unknown bytes, __dczerorl2.o(.text), UNUSED)

<P><STRONG><a name="[346]"></a>__decompress1</STRONG> (Thumb, 86 bytes, Stack size unknown bytes, __dczerorl2.o(.text), UNUSED)

<P><STRONG><a name="[a0]"></a>main</STRONG> (Thumb, 10 bytes, Stack size 8 bytes, system_hc32l19x.o(.text.$Sub$$main))
<BR><BR>[Stack]<UL><LI>Max Depth = 200<LI>Call Chain = main &rArr; $Super$$main &rArr; R_MAIN_UserInit &rArr; App_ClkInit &rArr; Sysctrl_ClkDeInit &rArr; Sysctrl_SysClkSwitch &rArr; SystemCoreClockUpdate &rArr; Sysctrl_GetHClkFreq
</UL>
<BR>[Calls]<UL><LI><a href="#[103]">&gt;&gt;</a>&nbsp;&nbsp;&nbsp;$Super$$main
</UL>
<BR>[Address Reference Count : 1]<UL><LI> entry9a.o(.ARM.Collect$$$$0000000B)
</UL>
<P><STRONG><a name="[105]"></a>AD7793_GetRegisterValue</STRONG> (Thumb, 154 bytes, Stack size 32 bytes, adx.o(.text.AD7793_GetRegisterValue))
<BR><BR>[Stack]<UL><LI>Max Depth = 100<LI>Call Chain = AD7793_GetRegisterValue &rArr; SPI_Read &rArr; SPI_COM &rArr; SetBit
</UL>
<BR>[Calls]<UL><LI><a href="#[107]">&gt;&gt;</a>&nbsp;&nbsp;&nbsp;SPI_Read
<LI><a href="#[106]">&gt;&gt;</a>&nbsp;&nbsp;&nbsp;SPI_Write
</UL>
<BR>[Called By]<UL><LI><a href="#[10b]">&gt;&gt;</a>&nbsp;&nbsp;&nbsp;AD7793_SetIexcEn
<LI><a href="#[10a]">&gt;&gt;</a>&nbsp;&nbsp;&nbsp;AD7793_SetIexcDir
<LI><a href="#[10f]">&gt;&gt;</a>&nbsp;&nbsp;&nbsp;AD7793_SetGain
<LI><a href="#[10d]">&gt;&gt;</a>&nbsp;&nbsp;&nbsp;AD7793_SetChannel
<LI><a href="#[110]">&gt;&gt;</a>&nbsp;&nbsp;&nbsp;AD7793_SetRate
<LI><a href="#[10c]">&gt;&gt;</a>&nbsp;&nbsp;&nbsp;AD7793_SetMode
<LI><a href="#[104]">&gt;&gt;</a>&nbsp;&nbsp;&nbsp;AD7793_Check_ID
<LI><a href="#[230]">&gt;&gt;</a>&nbsp;&nbsp;&nbsp;ad779x_ReadAD
</UL>

<P><STRONG><a name="[109]"></a>AD7793_Reset</STRONG> (Thumb, 22 bytes, Stack size 16 bytes, adx.o(.text.AD7793_Reset))
<BR><BR>[Stack]<UL><LI>Max Depth = 84<LI>Call Chain = AD7793_Reset &rArr; SPI_Write &rArr; SPI_COM &rArr; SetBit
</UL>
<BR>[Calls]<UL><LI><a href="#[106]">&gt;&gt;</a>&nbsp;&nbsp;&nbsp;SPI_Write
</UL>
<BR>[Called By]<UL><LI><a href="#[108]">&gt;&gt;</a>&nbsp;&nbsp;&nbsp;AD7793_Init
</UL>

<P><STRONG><a name="[10d]"></a>AD7793_SetChannel</STRONG> (Thumb, 50 bytes, Stack size 24 bytes, adx.o(.text.AD7793_SetChannel))
<BR><BR>[Stack]<UL><LI>Max Depth = 124<LI>Call Chain = AD7793_SetChannel &rArr; AD7793_SetRegisterValue &rArr; SPI_Write &rArr; SPI_COM &rArr; SetBit
</UL>
<BR>[Calls]<UL><LI><a href="#[10e]">&gt;&gt;</a>&nbsp;&nbsp;&nbsp;AD7793_SetRegisterValue
<LI><a href="#[105]">&gt;&gt;</a>&nbsp;&nbsp;&nbsp;AD7793_GetRegisterValue
</UL>
<BR>[Called By]<UL><LI><a href="#[111]">&gt;&gt;</a>&nbsp;&nbsp;&nbsp;AD7793_Start
</UL>

<P><STRONG><a name="[10f]"></a>AD7793_SetGain</STRONG> (Thumb, 54 bytes, Stack size 24 bytes, adx.o(.text.AD7793_SetGain))
<BR><BR>[Stack]<UL><LI>Max Depth = 124<LI>Call Chain = AD7793_SetGain &rArr; AD7793_SetRegisterValue &rArr; SPI_Write &rArr; SPI_COM &rArr; SetBit
</UL>
<BR>[Calls]<UL><LI><a href="#[10e]">&gt;&gt;</a>&nbsp;&nbsp;&nbsp;AD7793_SetRegisterValue
<LI><a href="#[105]">&gt;&gt;</a>&nbsp;&nbsp;&nbsp;AD7793_GetRegisterValue
</UL>
<BR>[Called By]<UL><LI><a href="#[111]">&gt;&gt;</a>&nbsp;&nbsp;&nbsp;AD7793_Start
</UL>

<P><STRONG><a name="[10a]"></a>AD7793_SetIexcDir</STRONG> (Thumb, 60 bytes, Stack size 24 bytes, adx.o(.text.AD7793_SetIexcDir))
<BR><BR>[Stack]<UL><LI>Max Depth = 124<LI>Call Chain = AD7793_SetIexcDir &rArr; AD7793_SetRegisterValue &rArr; SPI_Write &rArr; SPI_COM &rArr; SetBit
</UL>
<BR>[Calls]<UL><LI><a href="#[10e]">&gt;&gt;</a>&nbsp;&nbsp;&nbsp;AD7793_SetRegisterValue
<LI><a href="#[105]">&gt;&gt;</a>&nbsp;&nbsp;&nbsp;AD7793_GetRegisterValue
</UL>
<BR>[Called By]<UL><LI><a href="#[108]">&gt;&gt;</a>&nbsp;&nbsp;&nbsp;AD7793_Init
</UL>

<P><STRONG><a name="[10b]"></a>AD7793_SetIexcEn</STRONG> (Thumb, 58 bytes, Stack size 24 bytes, adx.o(.text.AD7793_SetIexcEn))
<BR><BR>[Stack]<UL><LI>Max Depth = 124<LI>Call Chain = AD7793_SetIexcEn &rArr; AD7793_SetRegisterValue &rArr; SPI_Write &rArr; SPI_COM &rArr; SetBit
</UL>
<BR>[Calls]<UL><LI><a href="#[10e]">&gt;&gt;</a>&nbsp;&nbsp;&nbsp;AD7793_SetRegisterValue
<LI><a href="#[105]">&gt;&gt;</a>&nbsp;&nbsp;&nbsp;AD7793_GetRegisterValue
</UL>
<BR>[Called By]<UL><LI><a href="#[108]">&gt;&gt;</a>&nbsp;&nbsp;&nbsp;AD7793_Init
</UL>

<P><STRONG><a name="[10c]"></a>AD7793_SetMode</STRONG> (Thumb, 58 bytes, Stack size 24 bytes, adx.o(.text.AD7793_SetMode))
<BR><BR>[Stack]<UL><LI>Max Depth = 124<LI>Call Chain = AD7793_SetMode &rArr; AD7793_SetRegisterValue &rArr; SPI_Write &rArr; SPI_COM &rArr; SetBit
</UL>
<BR>[Calls]<UL><LI><a href="#[10e]">&gt;&gt;</a>&nbsp;&nbsp;&nbsp;AD7793_SetRegisterValue
<LI><a href="#[105]">&gt;&gt;</a>&nbsp;&nbsp;&nbsp;AD7793_GetRegisterValue
</UL>
<BR>[Called By]<UL><LI><a href="#[111]">&gt;&gt;</a>&nbsp;&nbsp;&nbsp;AD7793_Start
<LI><a href="#[108]">&gt;&gt;</a>&nbsp;&nbsp;&nbsp;AD7793_Init
</UL>

<P><STRONG><a name="[110]"></a>AD7793_SetRate</STRONG> (Thumb, 54 bytes, Stack size 24 bytes, adx.o(.text.AD7793_SetRate))
<BR><BR>[Stack]<UL><LI>Max Depth = 124<LI>Call Chain = AD7793_SetRate &rArr; AD7793_SetRegisterValue &rArr; SPI_Write &rArr; SPI_COM &rArr; SetBit
</UL>
[...]
</UL>
<BR>[Calls]<UL><LI><a href="#[25e]">&gt;&gt;</a>&nbsp;&nbsp;&nbsp;snprintf
<LI><a href="#[22f]">&gt;&gt;</a>&nbsp;&nbsp;&nbsp;ack_ok_handler
<LI><a href="#[25f]">&gt;&gt;</a>&nbsp;&nbsp;&nbsp;send_cmd
</UL>
<BR>[Called By]<UL><LI><a href="#[2da]">&gt;&gt;</a>&nbsp;&nbsp;&nbsp;wifi_task_handler
</UL>

<P><STRONG><a name="[32d]"></a>wifi_on</STRONG> (Thumb, 184 bytes, Stack size 16 bytes, wifia.o(.text.wifi_on))
<BR><BR>[Stack]<UL><LI>Max Depth = 212<LI>Call Chain = wifi_on &rArr; config_com &rArr; App_Uart1Cfg &rArr; Uart_Init &rArr; Uart_EnableFunc &rArr; SetBit
</UL>
<BR>[Calls]<UL><LI><a href="#[167]">&gt;&gt;</a>&nbsp;&nbsp;&nbsp;SetBit
<LI><a href="#[25e]">&gt;&gt;</a>&nbsp;&nbsp;&nbsp;snprintf
<LI><a href="#[253]">&gt;&gt;</a>&nbsp;&nbsp;&nbsp;check_response
<LI><a href="#[2a6]">&gt;&gt;</a>&nbsp;&nbsp;&nbsp;enable_com
<LI><a href="#[257]">&gt;&gt;</a>&nbsp;&nbsp;&nbsp;config_com
<LI><a href="#[22f]">&gt;&gt;</a>&nbsp;&nbsp;&nbsp;ack_ok_handler
<LI><a href="#[25f]">&gt;&gt;</a>&nbsp;&nbsp;&nbsp;send_cmd
</UL>
<BR>[Called By]<UL><LI><a href="#[2da]">&gt;&gt;</a>&nbsp;&nbsp;&nbsp;wifi_task_handler
</UL>

<P><STRONG><a name="[25d]"></a>config_param</STRONG> (Thumb, 464 bytes, Stack size 24 bytes, wifia.o(.text.config_param))
<BR><BR>[Stack]<UL><LI>Max Depth = 140<LI>Call Chain = config_param &rArr; no_ack_handler &rArr; process_cmd_result &rArr; disable_com &rArr; disable_uart1 &rArr; R_UART1_Stop &rArr; Uart_ClrStatus &rArr; SetBit
</UL>
<BR>[Calls]<UL><LI><a href="#[25e]">&gt;&gt;</a>&nbsp;&nbsp;&nbsp;snprintf
<LI><a href="#[138]">&gt;&gt;</a>&nbsp;&nbsp;&nbsp;strstr
<LI><a href="#[260]">&gt;&gt;</a>&nbsp;&nbsp;&nbsp;no_ack_handler
<LI><a href="#[22d]">&gt;&gt;</a>&nbsp;&nbsp;&nbsp;ack_error_handler
<LI><a href="#[254]">&gt;&gt;</a>&nbsp;&nbsp;&nbsp;pop_line
<LI><a href="#[22f]">&gt;&gt;</a>&nbsp;&nbsp;&nbsp;ack_ok_handler
<LI><a href="#[25f]">&gt;&gt;</a>&nbsp;&nbsp;&nbsp;send_cmd
</UL>
<BR>[Called By]<UL><LI><a href="#[2da]">&gt;&gt;</a>&nbsp;&nbsp;&nbsp;wifi_task_handler
</UL>

<P><STRONG><a name="[317]"></a>reset</STRONG> (Thumb, 232 bytes, Stack size 16 bytes, wifia.o(.text.reset))
<BR><BR>[Stack]<UL><LI>Max Depth = 132<LI>Call Chain = reset &rArr; no_ack_handler &rArr; process_cmd_result &rArr; disable_com &rArr; disable_uart1 &rArr; R_UART1_Stop &rArr; Uart_ClrStatus &rArr; SetBit
</UL>
<BR>[Calls]<UL><LI><a href="#[25e]">&gt;&gt;</a>&nbsp;&nbsp;&nbsp;snprintf
<LI><a href="#[138]">&gt;&gt;</a>&nbsp;&nbsp;&nbsp;strstr
<LI><a href="#[260]">&gt;&gt;</a>&nbsp;&nbsp;&nbsp;no_ack_handler
<LI><a href="#[254]">&gt;&gt;</a>&nbsp;&nbsp;&nbsp;pop_line
<LI><a href="#[22f]">&gt;&gt;</a>&nbsp;&nbsp;&nbsp;ack_ok_handler
<LI><a href="#[25f]">&gt;&gt;</a>&nbsp;&nbsp;&nbsp;send_cmd
</UL>
<BR>[Called By]<UL><LI><a href="#[2da]">&gt;&gt;</a>&nbsp;&nbsp;&nbsp;wifi_task_handler
</UL>

<P><STRONG><a name="[328]"></a>write_com</STRONG> (Thumb, 44 bytes, Stack size 16 bytes, wifia.o(.text.write_com))
<BR><BR>[Stack]<UL><LI>Max Depth = 84<LI>Call Chain = write_com &rArr; R_UART1_Send &rArr; Uart_DisableIrq &rArr; SetBit
</UL>
<BR>[Calls]<UL><LI><a href="#[1e9]">&gt;&gt;</a>&nbsp;&nbsp;&nbsp;R_UART1_Send
</UL>
<BR>[Called By]<UL><LI><a href="#[2da]">&gt;&gt;</a>&nbsp;&nbsp;&nbsp;wifi_task_handler
<LI><a href="#[25f]">&gt;&gt;</a>&nbsp;&nbsp;&nbsp;send_cmd
</UL>

<P><STRONG><a name="[2cd]"></a>init_gpio</STRONG> (Thumb, 62 bytes, Stack size 32 bytes, wifia.o(.text.init_gpio))
<BR><BR>[Stack]<UL><LI>Max Depth = 76<LI>Call Chain = init_gpio &rArr; Gpio_Init &rArr; SetBit
</UL>
<BR>[Calls]<UL><LI><a href="#[123]">&gt;&gt;</a>&nbsp;&nbsp;&nbsp;Gpio_Init
<LI><a href="#[116]">&gt;&gt;</a>&nbsp;&nbsp;&nbsp;Sysctrl_SetPeripheralGate
<LI><a href="#[115]">&gt;&gt;</a>&nbsp;&nbsp;&nbsp;ddl_memclr
</UL>
<BR>[Called By]<UL><LI><a href="#[2cc]">&gt;&gt;</a>&nbsp;&nbsp;&nbsp;init
</UL>

<P><STRONG><a name="[32a]"></a>calc_next_state_from_pending</STRONG> (Thumb, 84 bytes, Stack size 12 bytes, wifia.o(.text.calc_next_state_from_pending))
<BR><BR>[Stack]<UL><LI>Max Depth = 12<LI>Call Chain = calc_next_state_from_pending
</UL>
<BR>[Called By]<UL><LI><a href="#[329]">&gt;&gt;</a>&nbsp;&nbsp;&nbsp;update_wifi_fsm_state
</UL>

<P><STRONG><a name="[32b]"></a>process_urc</STRONG> (Thumb, 20 bytes, Stack size 8 bytes, wifia.o(.text.process_urc))
<BR><BR>[Stack]<UL><LI>Max Depth = 8<LI>Call Chain = process_urc
</UL>
<BR>[Called By]<UL><LI><a href="#[329]">&gt;&gt;</a>&nbsp;&nbsp;&nbsp;update_wifi_fsm_state
</UL>

<P><STRONG><a name="[2e0]"></a>reset_wifi_fsm_context</STRONG> (Thumb, 72 bytes, Stack size 4 bytes, wifia.o(.text.reset_wifi_fsm_context))
<BR><BR>[Stack]<UL><LI>Max Depth = 4<LI>Call Chain = reset_wifi_fsm_context
</UL>
<BR>[Called By]<UL><LI><a href="#[22e]">&gt;&gt;</a>&nbsp;&nbsp;&nbsp;process_cmd_result
<LI><a href="#[329]">&gt;&gt;</a>&nbsp;&nbsp;&nbsp;update_wifi_fsm_state
</UL>

<P><STRONG><a name="[25f]"></a>send_cmd</STRONG> (Thumb, 56 bytes, Stack size 24 bytes, wifia.o(.text.send_cmd))
<BR><BR>[Stack]<UL><LI>Max Depth = 108<LI>Call Chain = send_cmd &rArr; write_com &rArr; R_UART1_Send &rArr; Uart_DisableIrq &rArr; SetBit
</UL>
<BR>[Calls]<UL><LI><a href="#[130]">&gt;&gt;</a>&nbsp;&nbsp;&nbsp;strlen
<LI><a href="#[328]">&gt;&gt;</a>&nbsp;&nbsp;&nbsp;write_com
</UL>
<BR>[Called By]<UL><LI><a href="#[317]">&gt;&gt;</a>&nbsp;&nbsp;&nbsp;reset
<LI><a href="#[25d]">&gt;&gt;</a>&nbsp;&nbsp;&nbsp;config_param
<LI><a href="#[32d]">&gt;&gt;</a>&nbsp;&nbsp;&nbsp;wifi_on
<LI><a href="#[32c]">&gt;&gt;</a>&nbsp;&nbsp;&nbsp;wifi_off
</UL>

<P><STRONG><a name="[22f]"></a>ack_ok_handler</STRONG> (Thumb, 26 bytes, Stack size 16 bytes, wifia.o(.text.ack_ok_handler))
<BR><BR>[Stack]<UL><LI>Max Depth = 116<LI>Call Chain = ack_ok_handler &rArr; process_cmd_result &rArr; disable_com &rArr; disable_uart1 &rArr; R_UART1_Stop &rArr; Uart_ClrStatus &rArr; SetBit
</UL>
<BR>[Calls]<UL><LI><a href="#[22e]">&gt;&gt;</a>&nbsp;&nbsp;&nbsp;process_cmd_result
</UL>
<BR>[Called By]<UL><LI><a href="#[317]">&gt;&gt;</a>&nbsp;&nbsp;&nbsp;reset
<LI><a href="#[25d]">&gt;&gt;</a>&nbsp;&nbsp;&nbsp;config_param
<LI><a href="#[32d]">&gt;&gt;</a>&nbsp;&nbsp;&nbsp;wifi_on
<LI><a href="#[32c]">&gt;&gt;</a>&nbsp;&nbsp;&nbsp;wifi_off
</UL>

<P><STRONG><a name="[257]"></a>config_com</STRONG> (Thumb, 32 bytes, Stack size 24 bytes, wifia.o(.text.config_com))
<BR><BR>[Stack]<UL><LI>Max Depth = 196<LI>Call Chain = config_com &rArr; App_Uart1Cfg &rArr; Uart_Init &rArr; Uart_EnableFunc &rArr; SetBit
</UL>
<BR>[Calls]<UL><LI><a href="#[16b]">&gt;&gt;</a>&nbsp;&nbsp;&nbsp;App_Uart1Cfg
</UL>
<BR>[Called By]<UL><LI><a href="#[32d]">&gt;&gt;</a>&nbsp;&nbsp;&nbsp;wifi_on
</UL>

<P><STRONG><a name="[2a6]"></a>enable_com</STRONG> (Thumb, 8 bytes, Stack size 8 bytes, wifia.o(.text.enable_com))
<BR><BR>[Stack]<UL><LI>Max Depth = 112<LI>Call Chain = enable_com &rArr; enable_uart1 &rArr; R_UART1_Start &rArr; EnableNvic &rArr; __NVIC_SetPriority
</UL>
<BR>[Calls]<UL><LI><a href="#[2a7]">&gt;&gt;</a>&nbsp;&nbsp;&nbsp;enable_uart1
</UL>
<BR>[Called By]<UL><LI><a href="#[32d]">&gt;&gt;</a>&nbsp;&nbsp;&nbsp;wifi_on
</UL>

<P><STRONG><a name="[253]"></a>check_response</STRONG> (Thumb, 58 bytes, Stack size 24 bytes, wifia.o(.text.check_response))
<BR><BR>[Stack]<UL><LI>Max Depth = 88<LI>Call Chain = check_response &rArr; pop_line &rArr; __aeabi_idivmod &rArr; __aeabi_uidivmod
</UL>
<BR>[Calls]<UL><LI><a href="#[138]">&gt;&gt;</a>&nbsp;&nbsp;&nbsp;strstr
<LI><a href="#[254]">&gt;&gt;</a>&nbsp;&nbsp;&nbsp;pop_line
</UL>
<BR>[Called By]<UL><LI><a href="#[32d]">&gt;&gt;</a>&nbsp;&nbsp;&nbsp;wifi_on
</UL>

<P><STRONG><a name="[254]"></a>pop_line</STRONG> (Thumb, 136 bytes, Stack size 32 bytes, wifia.o(.text.pop_line))
<BR><BR>[Stack]<UL><LI>Max Depth = 64<LI>Call Chain = pop_line &rArr; __aeabi_idivmod &rArr; __aeabi_uidivmod
</UL>
<BR>[Calls]<UL><LI><a href="#[ce]">&gt;&gt;</a>&nbsp;&nbsp;&nbsp;__aeabi_idivmod
<LI><a href="#[2de]">&gt;&gt;</a>&nbsp;&nbsp;&nbsp;strncpy
</UL>
<BR>[Called By]<UL><LI><a href="#[253]">&gt;&gt;</a>&nbsp;&nbsp;&nbsp;check_response
<LI><a href="#[317]">&gt;&gt;</a>&nbsp;&nbsp;&nbsp;reset
<LI><a href="#[25d]">&gt;&gt;</a>&nbsp;&nbsp;&nbsp;config_param
</UL>

<P><STRONG><a name="[22d]"></a>ack_error_handler</STRONG> (Thumb, 64 bytes, Stack size 16 bytes, wifia.o(.text.ack_error_handler))
<BR><BR>[Stack]<UL><LI>Max Depth = 116<LI>Call Chain = ack_error_handler &rArr; process_cmd_result &rArr; disable_com &rArr; disable_uart1 &rArr; R_UART1_Stop &rArr; Uart_ClrStatus &rArr; SetBit
</UL>
<BR>[Calls]<UL><LI><a href="#[22e]">&gt;&gt;</a>&nbsp;&nbsp;&nbsp;process_cmd_result
</UL>
<BR>[Called By]<UL><LI><a href="#[25d]">&gt;&gt;</a>&nbsp;&nbsp;&nbsp;config_param
</UL>

<P><STRONG><a name="[260]"></a>no_ack_handler</STRONG> (Thumb, 72 bytes, Stack size 16 bytes, wifia.o(.text.no_ack_handler))
<BR><BR>[Stack]<UL><LI>Max Depth = 116<LI>Call Chain = no_ack_handler &rArr; process_cmd_result &rArr; disable_com &rArr; disable_uart1 &rArr; R_UART1_Stop &rArr; Uart_ClrStatus &rArr; SetBit
</UL>
<BR>[Calls]<UL><LI><a href="#[22e]">&gt;&gt;</a>&nbsp;&nbsp;&nbsp;process_cmd_result
</UL>
<BR>[Called By]<UL><LI><a href="#[317]">&gt;&gt;</a>&nbsp;&nbsp;&nbsp;reset
<LI><a href="#[25d]">&gt;&gt;</a>&nbsp;&nbsp;&nbsp;config_param
</UL>

<P><STRONG><a name="[22e]"></a>process_cmd_result</STRONG> (Thumb, 376 bytes, Stack size 24 bytes, wifia.o(.text.process_cmd_result))
<BR><BR>[Stack]<UL><LI>Max Depth = 100<LI>Call Chain = process_cmd_result &rArr; disable_com &rArr; disable_uart1 &rArr; R_UART1_Stop &rArr; Uart_ClrStatus &rArr; SetBit
</UL>
<BR>[Calls]<UL><LI><a href="#[167]">&gt;&gt;</a>&nbsp;&nbsp;&nbsp;SetBit
<LI><a href="#[26e]">&gt;&gt;</a>&nbsp;&nbsp;&nbsp;disable_com
<LI><a href="#[2e0]">&gt;&gt;</a>&nbsp;&nbsp;&nbsp;reset_wifi_fsm_context
</UL>
<BR>[Called By]<UL><LI><a href="#[260]">&gt;&gt;</a>&nbsp;&nbsp;&nbsp;no_ack_handler
<LI><a href="#[22d]">&gt;&gt;</a>&nbsp;&nbsp;&nbsp;ack_error_handler
<LI><a href="#[22f]">&gt;&gt;</a>&nbsp;&nbsp;&nbsp;ack_ok_handler
</UL>

<P><STRONG><a name="[26e]"></a>disable_com</STRONG> (Thumb, 8 bytes, Stack size 8 bytes, wifia.o(.text.disable_com))
<BR><BR>[Stack]<UL><LI>Max Depth = 76<LI>Call Chain = disable_com &rArr; disable_uart1 &rArr; R_UART1_Stop &rArr; Uart_ClrStatus &rArr; SetBit
</UL>
<BR>[Calls]<UL><LI><a href="#[26f]">&gt;&gt;</a>&nbsp;&nbsp;&nbsp;disable_uart1
</UL>
<BR>[Called By]<UL><LI><a href="#[22e]">&gt;&gt;</a>&nbsp;&nbsp;&nbsp;process_cmd_result
</UL>

<P><STRONG><a name="[331]"></a>_fp_digits</STRONG> (Thumb, 344 bytes, Stack size 64 bytes, printfa.o(i._fp_digits), UNUSED)
<BR><BR>[Calls]<UL><LI><a href="#[e1]">&gt;&gt;</a>&nbsp;&nbsp;&nbsp;__aeabi_dmul
<LI><a href="#[e3]">&gt;&gt;</a>&nbsp;&nbsp;&nbsp;__aeabi_ddiv
<LI><a href="#[cc]">&gt;&gt;</a>&nbsp;&nbsp;&nbsp;__aeabi_uldivmod
<LI><a href="#[fa]">&gt;&gt;</a>&nbsp;&nbsp;&nbsp;__aeabi_dadd
<LI><a href="#[fe]">&gt;&gt;</a>&nbsp;&nbsp;&nbsp;__aeabi_d2ulz
<LI><a href="#[332]">&gt;&gt;</a>&nbsp;&nbsp;&nbsp;__aeabi_cdrcmple
</UL>
<BR>[Called By]<UL><LI><a href="#[32f]">&gt;&gt;</a>&nbsp;&nbsp;&nbsp;_printf_core
</UL>

<P><STRONG><a name="[32f]"></a>_printf_core</STRONG> (Thumb, 1754 bytes, Stack size 128 bytes, printfa.o(i._printf_core), UNUSED)
<BR><BR>[Calls]<UL><LI><a href="#[cc]">&gt;&gt;</a>&nbsp;&nbsp;&nbsp;__aeabi_uldivmod
<LI><a href="#[eb]">&gt;&gt;</a>&nbsp;&nbsp;&nbsp;__aeabi_uidivmod
<LI><a href="#[333]">&gt;&gt;</a>&nbsp;&nbsp;&nbsp;_printf_pre_padding
<LI><a href="#[334]">&gt;&gt;</a>&nbsp;&nbsp;&nbsp;_printf_post_padding
<LI><a href="#[331]">&gt;&gt;</a>&nbsp;&nbsp;&nbsp;_fp_digits
</UL>
<BR>[Called By]<UL><LI><a href="#[330]">&gt;&gt;</a>&nbsp;&nbsp;&nbsp;__0sprintf
<LI><a href="#[32e]">&gt;&gt;</a>&nbsp;&nbsp;&nbsp;__0snprintf
</UL>

<P><STRONG><a name="[334]"></a>_printf_post_padding</STRONG> (Thumb, 32 bytes, Stack size 24 bytes, printfa.o(i._printf_post_padding), UNUSED)
<BR><BR>[Called By]<UL><LI><a href="#[32f]">&gt;&gt;</a>&nbsp;&nbsp;&nbsp;_printf_core
</UL>

<P><STRONG><a name="[333]"></a>_printf_pre_padding</STRONG> (Thumb, 44 bytes, Stack size 40 bytes, printfa.o(i._printf_pre_padding), UNUSED)
<BR><BR>[Called By]<UL><LI><a href="#[32f]">&gt;&gt;</a>&nbsp;&nbsp;&nbsp;_printf_core
</UL>

<P><STRONG><a name="[c3]"></a>_snputc</STRONG> (Thumb, 22 bytes, Stack size 0 bytes, printfa.o(i._snputc))
<BR>[Address Reference Count : 1]<UL><LI> printfa.o(i.__0snprintf)
</UL>
<P><STRONG><a name="[c4]"></a>_sputc</STRONG> (Thumb, 10 bytes, Stack size 0 bytes, printfa.o(i._sputc))
<BR><BR>[Called By]<UL><LI><a href="#[330]">&gt;&gt;</a>&nbsp;&nbsp;&nbsp;__0sprintf
</UL>
<BR>[Address Reference Count : 1]<UL><LI> printfa.o(i.__0sprintf)
</UL>
<P><STRONG><a name="[f2]"></a>_fp_value</STRONG> (Thumb, 286 bytes, Stack size 72 bytes, scanf_fp.o(.text), UNUSED)
<BR><BR>[Calls]<UL><LI><a href="#[e1]">&gt;&gt;</a>&nbsp;&nbsp;&nbsp;__aeabi_dmul
<LI><a href="#[e3]">&gt;&gt;</a>&nbsp;&nbsp;&nbsp;__aeabi_ddiv
<LI><a href="#[f3]">&gt;&gt;</a>&nbsp;&nbsp;&nbsp;__aeabi_ul2d
<LI><a href="#[ef]">&gt;&gt;</a>&nbsp;&nbsp;&nbsp;__aeabi_lmul
</UL>
<BR>[Called By]<UL><LI><a href="#[f4]">&gt;&gt;</a>&nbsp;&nbsp;&nbsp;_scanf_really_real
</UL>

<P><STRONG><a name="[a5]"></a>_scanf_char_input</STRONG> (Thumb, 12 bytes, Stack size 0 bytes, scanf_char.o(.text))
<BR>[Address Reference Count : 1]<UL><LI> scanf_char.o(.text)
</UL>
<P><STRONG><a name="[102]"></a>_local_sscanf</STRONG> (Thumb, 64 bytes, Stack size 56 bytes, strtod.o(.text))
<BR><BR>[Stack]<UL><LI>Max Depth = 160<LI>Call Chain = _local_sscanf &rArr; _scanf_real
</UL>
<BR>[Calls]<UL><LI><a href="#[100]">&gt;&gt;</a>&nbsp;&nbsp;&nbsp;_scanf_real
</UL>
<BR>[Called By]<UL><LI><a href="#[f8]">&gt;&gt;</a>&nbsp;&nbsp;&nbsp;__strtod_int
</UL>
<P>
<H3>
Undefined Global Symbols
</H3>
<P><STRONG><a name="[177]"></a>ClkTrim_IRQHandler</STRONG> (Unknown, 0 bytes, Stack size 0 bytes, UNDEFINED)
<BR><BR>[Called By]<UL><LI><a href="#[9f]">&gt;&gt;</a>&nbsp;&nbsp;&nbsp;CLKTRIM_IRQHandler
</UL>

<P><STRONG><a name="[113]"></a>Dac_IRQHandler</STRONG> (Unknown, 0 bytes, Stack size 0 bytes, UNDEFINED)
<BR><BR>[Called By]<UL><LI><a href="#[98]">&gt;&gt;</a>&nbsp;&nbsp;&nbsp;ADC_DAC_IRQHandler
</UL>

<P><STRONG><a name="[181]"></a>Dmac_IRQHandler</STRONG> (Unknown, 0 bytes, Stack size 0 bytes, UNDEFINED)
<BR><BR>[Called By]<UL><LI><a href="#[84]">&gt;&gt;</a>&nbsp;&nbsp;&nbsp;DMAC_IRQHandler
</UL>

<P><STRONG><a name="[193]"></a>Flash_IRQHandler</STRONG> (Unknown, 0 bytes, Stack size 0 bytes, UNDEFINED)
<BR><BR>[Called By]<UL><LI><a href="#[9e]">&gt;&gt;</a>&nbsp;&nbsp;&nbsp;FLASH_RAM_IRQHandler
</UL>

<P><STRONG><a name="[1a5]"></a>I2c0_IRQHandler</STRONG> (Unknown, 0 bytes, Stack size 0 bytes, UNDEFINED)
<BR><BR>[Called By]<UL><LI><a href="#[8c]">&gt;&gt;</a>&nbsp;&nbsp;&nbsp;I2C0_IRQHandler
</UL>

<P><STRONG><a name="[1a6]"></a>I2c1_IRQHandler</STRONG> (Unknown, 0 bytes, Stack size 0 bytes, UNDEFINED)
<BR><BR>[Called By]<UL><LI><a href="#[8d]">&gt;&gt;</a>&nbsp;&nbsp;&nbsp;I2C1_IRQHandler
</UL>

<P><STRONG><a name="[1b7]"></a>Lcd_IRQHandler</STRONG> (Unknown, 0 bytes, Stack size 0 bytes, UNDEFINED)
<BR><BR>[Called By]<UL><LI><a href="#[9d]">&gt;&gt;</a>&nbsp;&nbsp;&nbsp;LCD_IRQHandler
</UL>

<P><STRONG><a name="[1bf]"></a>Lvd_IRQHandler</STRONG> (Unknown, 0 bytes, Stack size 0 bytes, UNDEFINED)
<BR><BR>[Called By]<UL><LI><a href="#[9c]">&gt;&gt;</a>&nbsp;&nbsp;&nbsp;LVD_IRQHandler
</UL>

<P><STRONG><a name="[1c6]"></a>Pca_IRQHandler</STRONG> (Unknown, 0 bytes, Stack size 0 bytes, UNDEFINED)
<BR><BR>[Called By]<UL><LI><a href="#[95]">&gt;&gt;</a>&nbsp;&nbsp;&nbsp;PCA_IRQHandler
</UL>

<P><STRONG><a name="[1c8]"></a>PortA_IRQHandler</STRONG> (Unknown, 0 bytes, Stack size 0 bytes, UNDEFINED)
<BR><BR>[Called By]<UL><LI><a href="#[80]">&gt;&gt;</a>&nbsp;&nbsp;&nbsp;PORTA_IRQHandler
</UL>

<P><STRONG><a name="[1c9]"></a>PortB_IRQHandler</STRONG> (Unknown, 0 bytes, Stack size 0 bytes, UNDEFINED)
<BR><BR>[Called By]<UL><LI><a href="#[81]">&gt;&gt;</a>&nbsp;&nbsp;&nbsp;PORTB_IRQHandler
</UL>

<P><STRONG><a name="[1cc]"></a>PortD_IRQHandler</STRONG> (Unknown, 0 bytes, Stack size 0 bytes, UNDEFINED)
<BR><BR>[Called By]<UL><LI><a href="#[83]">&gt;&gt;</a>&nbsp;&nbsp;&nbsp;PORTD_F_IRQHandler
</UL>

<P><STRONG><a name="[1cb]"></a>PortE_IRQHandler</STRONG> (Unknown, 0 bytes, Stack size 0 bytes, UNDEFINED)
<BR><BR>[Called By]<UL><LI><a href="#[82]">&gt;&gt;</a>&nbsp;&nbsp;&nbsp;PORTC_E_IRQHandler
</UL>

<P><STRONG><a name="[1cd]"></a>PortF_IRQHandler</STRONG> (Unknown, 0 bytes, Stack size 0 bytes, UNDEFINED)
<BR><BR>[Called By]<UL><LI><a href="#[83]">&gt;&gt;</a>&nbsp;&nbsp;&nbsp;PORTD_F_IRQHandler
</UL>

<P><STRONG><a name="[194]"></a>Ram_IRQHandler</STRONG> (Unknown, 0 bytes, Stack size 0 bytes, UNDEFINED)
<BR><BR>[Called By]<UL><LI><a href="#[9e]">&gt;&gt;</a>&nbsp;&nbsp;&nbsp;FLASH_RAM_IRQHandler
</UL>

<P><STRONG><a name="[1df]"></a>Rtc_IRQHandler</STRONG> (Unknown, 0 bytes, Stack size 0 bytes, UNDEFINED)
<BR><BR>[Called By]<UL><LI><a href="#[97]">&gt;&gt;</a>&nbsp;&nbsp;&nbsp;RTC_IRQHandler
</UL>

<P><STRONG><a name="[1f1]"></a>Spi0_IRQHandler</STRONG> (Unknown, 0 bytes, Stack size 0 bytes, UNDEFINED)
<BR><BR>[Called By]<UL><LI><a href="#[8a]">&gt;&gt;</a>&nbsp;&nbsp;&nbsp;SPI0_IRQHandler
</UL>

<P><STRONG><a name="[1f2]"></a>Spi1_IRQHandler</STRONG> (Unknown, 0 bytes, Stack size 0 bytes, UNDEFINED)
<BR><BR>[Called By]<UL><LI><a href="#[8b]">&gt;&gt;</a>&nbsp;&nbsp;&nbsp;SPI1_IRQHandler
</UL>

<P><STRONG><a name="[207]"></a>SysTick_IRQHandler</STRONG> (Unknown, 0 bytes, Stack size 0 bytes, UNDEFINED)
<BR><BR>[Called By]<UL><LI><a href="#[7f]">&gt;&gt;</a>&nbsp;&nbsp;&nbsp;SysTick_Handler
</UL>

<P><STRONG><a name="[20e]"></a>Tim0_IRQHandler</STRONG> (Unknown, 0 bytes, Stack size 0 bytes, UNDEFINED)
<BR><BR>[Called By]<UL><LI><a href="#[8e]">&gt;&gt;</a>&nbsp;&nbsp;&nbsp;TIM0_IRQHandler
</UL>

<P><STRONG><a name="[20f]"></a>Tim1_IRQHandler</STRONG> (Unknown, 0 bytes, Stack size 0 bytes, UNDEFINED)
<BR><BR>[Called By]<UL><LI><a href="#[8f]">&gt;&gt;</a>&nbsp;&nbsp;&nbsp;TIM1_IRQHandler
</UL>

<P><STRONG><a name="[210]"></a>Tim2_IRQHandler</STRONG> (Unknown, 0 bytes, Stack size 0 bytes, UNDEFINED)
<BR><BR>[Called By]<UL><LI><a href="#[90]">&gt;&gt;</a>&nbsp;&nbsp;&nbsp;TIM2_IRQHandler
</UL>

<P><STRONG><a name="[211]"></a>Tim3_IRQHandler</STRONG> (Unknown, 0 bytes, Stack size 0 bytes, UNDEFINED)
<BR><BR>[Called By]<UL><LI><a href="#[85]">&gt;&gt;</a>&nbsp;&nbsp;&nbsp;TIM3_IRQHandler
</UL>

<P><STRONG><a name="[212]"></a>Tim4_IRQHandler</STRONG> (Unknown, 0 bytes, Stack size 0 bytes, UNDEFINED)
<BR><BR>[Called By]<UL><LI><a href="#[92]">&gt;&gt;</a>&nbsp;&nbsp;&nbsp;TIM4_IRQHandler
</UL>

<P><STRONG><a name="[213]"></a>Tim5_IRQHandler</STRONG> (Unknown, 0 bytes, Stack size 0 bytes, UNDEFINED)
<BR><BR>[Called By]<UL><LI><a href="#[93]">&gt;&gt;</a>&nbsp;&nbsp;&nbsp;TIM5_IRQHandler
</UL>

<P><STRONG><a name="[214]"></a>Tim6_IRQHandler</STRONG> (Unknown, 0 bytes, Stack size 0 bytes, UNDEFINED)
<BR><BR>[Called By]<UL><LI><a href="#[94]">&gt;&gt;</a>&nbsp;&nbsp;&nbsp;TIM6_IRQHandler
</UL>

<P><STRONG><a name="[222]"></a>Vc0_IRQHandler</STRONG> (Unknown, 0 bytes, Stack size 0 bytes, UNDEFINED)
<BR><BR>[Called By]<UL><LI><a href="#[9a]">&gt;&gt;</a>&nbsp;&nbsp;&nbsp;VC0_IRQHandler
</UL>

<P><STRONG><a name="[223]"></a>Vc1_IRQHandler</STRONG> (Unknown, 0 bytes, Stack size 0 bytes, UNDEFINED)
<BR><BR>[Called By]<UL><LI><a href="#[9b]">&gt;&gt;</a>&nbsp;&nbsp;&nbsp;VC1_2_IRQHandler
</UL>

<P><STRONG><a name="[224]"></a>Vc2_IRQHandler</STRONG> (Unknown, 0 bytes, Stack size 0 bytes, UNDEFINED)
<BR><BR>[Called By]<UL><LI><a href="#[9b]">&gt;&gt;</a>&nbsp;&nbsp;&nbsp;VC1_2_IRQHandler
</UL>

<P><STRONG><a name="[226]"></a>Wdt_IRQHandler</STRONG> (Unknown, 0 bytes, Stack size 0 bytes, UNDEFINED)
<BR><BR>[Called By]<UL><LI><a href="#[96]">&gt;&gt;</a>&nbsp;&nbsp;&nbsp;WDT_IRQHandler
</UL>
<HR></body></html>
